Archive member included to satisfy reference by file (symbol)

c:/program files (x86)/atmel/studio/7.0/toolchain/arm/arm-gnu-toolchain/bin/../lib/gcc/arm-none-eabi/6.3.1/../../../../arm-none-eabi/lib/thumb/v7-m\libc.a(lib_a-exit.o)
                              c:/program files (x86)/atmel/studio/7.0/toolchain/arm/arm-gnu-toolchain/bin/../lib/gcc/arm-none-eabi/6.3.1/../../../../arm-none-eabi/lib/thumb/v7-m/crt0.o (exit)
c:/program files (x86)/atmel/studio/7.0/toolchain/arm/arm-gnu-toolchain/bin/../lib/gcc/arm-none-eabi/6.3.1/../../../../arm-none-eabi/lib/thumb/v7-m\libc.a(lib_a-impure.o)
                              c:/program files (x86)/atmel/studio/7.0/toolchain/arm/arm-gnu-toolchain/bin/../lib/gcc/arm-none-eabi/6.3.1/../../../../arm-none-eabi/lib/thumb/v7-m\libc.a(lib_a-exit.o) (_global_impure_ptr)
c:/program files (x86)/atmel/studio/7.0/toolchain/arm/arm-gnu-toolchain/bin/../lib/gcc/arm-none-eabi/6.3.1/../../../../arm-none-eabi/lib/thumb/v7-m\libc.a(lib_a-init.o)
                              c:/program files (x86)/atmel/studio/7.0/toolchain/arm/arm-gnu-toolchain/bin/../lib/gcc/arm-none-eabi/6.3.1/../../../../arm-none-eabi/lib/thumb/v7-m/crt0.o (__libc_init_array)
c:/program files (x86)/atmel/studio/7.0/toolchain/arm/arm-gnu-toolchain/bin/../lib/gcc/arm-none-eabi/6.3.1/../../../../arm-none-eabi/lib/thumb/v7-m\libc.a(lib_a-memset.o)
                              c:/program files (x86)/atmel/studio/7.0/toolchain/arm/arm-gnu-toolchain/bin/../lib/gcc/arm-none-eabi/6.3.1/../../../../arm-none-eabi/lib/thumb/v7-m/crt0.o (memset)
c:/program files (x86)/atmel/studio/7.0/toolchain/arm/arm-gnu-toolchain/bin/../lib/gcc/arm-none-eabi/6.3.1/../../../../arm-none-eabi/lib/thumb/v7-m\libc.a(lib_a-__call_atexit.o)
                              c:/program files (x86)/atmel/studio/7.0/toolchain/arm/arm-gnu-toolchain/bin/../lib/gcc/arm-none-eabi/6.3.1/../../../../arm-none-eabi/lib/thumb/v7-m\libc.a(lib_a-exit.o) (__call_exitprocs)
c:/program files (x86)/atmel/studio/7.0/toolchain/arm/arm-gnu-toolchain/bin/../lib/gcc/arm-none-eabi/6.3.1/../../../../arm-none-eabi/lib/thumb/v7-m\libc.a(lib_a-atexit.o)
                              c:/program files (x86)/atmel/studio/7.0/toolchain/arm/arm-gnu-toolchain/bin/../lib/gcc/arm-none-eabi/6.3.1/../../../../arm-none-eabi/lib/thumb/v7-m\libc.a(lib_a-__call_atexit.o) (atexit)
c:/program files (x86)/atmel/studio/7.0/toolchain/arm/arm-gnu-toolchain/bin/../lib/gcc/arm-none-eabi/6.3.1/../../../../arm-none-eabi/lib/thumb/v7-m\libc.a(lib_a-fini.o)
                              c:/program files (x86)/atmel/studio/7.0/toolchain/arm/arm-gnu-toolchain/bin/../lib/gcc/arm-none-eabi/6.3.1/../../../../arm-none-eabi/lib/thumb/v7-m\libc.a(lib_a-__call_atexit.o) (__libc_fini_array)
c:/program files (x86)/atmel/studio/7.0/toolchain/arm/arm-gnu-toolchain/bin/../lib/gcc/arm-none-eabi/6.3.1/../../../../arm-none-eabi/lib/thumb/v7-m\libc.a(lib_a-lock.o)
                              c:/program files (x86)/atmel/studio/7.0/toolchain/arm/arm-gnu-toolchain/bin/../lib/gcc/arm-none-eabi/6.3.1/../../../../arm-none-eabi/lib/thumb/v7-m\libc.a(lib_a-__call_atexit.o) (__retarget_lock_acquire_recursive)
c:/program files (x86)/atmel/studio/7.0/toolchain/arm/arm-gnu-toolchain/bin/../lib/gcc/arm-none-eabi/6.3.1/../../../../arm-none-eabi/lib/thumb/v7-m\libc.a(lib_a-__atexit.o)
                              c:/program files (x86)/atmel/studio/7.0/toolchain/arm/arm-gnu-toolchain/bin/../lib/gcc/arm-none-eabi/6.3.1/../../../../arm-none-eabi/lib/thumb/v7-m\libc.a(lib_a-atexit.o) (__register_exitproc)

Allocating common symbols
Common symbol       size              file

__lock___atexit_recursive_mutex
                    0x1               c:/program files (x86)/atmel/studio/7.0/toolchain/arm/arm-gnu-toolchain/bin/../lib/gcc/arm-none-eabi/6.3.1/../../../../arm-none-eabi/lib/thumb/v7-m\libc.a(lib_a-lock.o)
__lock___arc4random_mutex
                    0x1               c:/program files (x86)/atmel/studio/7.0/toolchain/arm/arm-gnu-toolchain/bin/../lib/gcc/arm-none-eabi/6.3.1/../../../../arm-none-eabi/lib/thumb/v7-m\libc.a(lib_a-lock.o)
__lock___env_recursive_mutex
                    0x1               c:/program files (x86)/atmel/studio/7.0/toolchain/arm/arm-gnu-toolchain/bin/../lib/gcc/arm-none-eabi/6.3.1/../../../../arm-none-eabi/lib/thumb/v7-m\libc.a(lib_a-lock.o)
__lock___sinit_recursive_mutex
                    0x1               c:/program files (x86)/atmel/studio/7.0/toolchain/arm/arm-gnu-toolchain/bin/../lib/gcc/arm-none-eabi/6.3.1/../../../../arm-none-eabi/lib/thumb/v7-m\libc.a(lib_a-lock.o)
__lock___malloc_recursive_mutex
                    0x1               c:/program files (x86)/atmel/studio/7.0/toolchain/arm/arm-gnu-toolchain/bin/../lib/gcc/arm-none-eabi/6.3.1/../../../../arm-none-eabi/lib/thumb/v7-m\libc.a(lib_a-lock.o)
__lock___at_quick_exit_mutex
[...]
Memory Configuration

Name             Origin             Length             Attributes
rom              0x00080000         0x00040000         xr
ram              0x20000000         0x00010000         xrw
*default*        0x00000000         0xffffffff

Linker script and memory map

LOAD c:/program files (x86)/atmel/studio/7.0/toolchain/arm/arm-gnu-toolchain/bin/../lib/gcc/arm-none-eabi/6.3.1/thumb/v7-m/crti.o
LOAD c:/program files (x86)/atmel/studio/7.0/toolchain/arm/arm-gnu-toolchain/bin/../lib/gcc/arm-none-eabi/6.3.1/thumb/v7-m/crtbegin.o
LOAD c:/program files (x86)/atmel/studio/7.0/toolchain/arm/arm-gnu-toolchain/bin/../lib/gcc/arm-none-eabi/6.3.1/../../../../arm-none-eabi/lib/thumb/v7-m/crt0.o
LOAD Device_Startup/startup_sam3xa.o
LOAD Device_Startup/system_sam3xa.o
LOAD Drivers/Src/ADC_SAM.o
LOAD Drivers/Src/PIO_SAM.o
LOAD Drivers/Src/RTC_ISL.o
LOAD Drivers/Src/SPI_SAM.o
LOAD Drivers/Src/TWI_SAM.o
LOAD Drivers/Src/usart.o
LOAD Drivers/Src/USART_SAM.o
LOAD main.o
LOAD Src/ADC_init_SAM.o
LOAD Src/DAC_init_SAM.o
LOAD Src/pio_init.o
LOAD Src/PWM_init_SAM.o
LOAD Src/RTC_init_ISL12022M.o
LOAD Src/SPI_init_SAM.o
LOAD Src/TWI_init_SAM.o
LOAD Src/USART_init_SAM.o
START GROUP
LOAD c:/program files (x86)/atmel/studio/7.0/toolchain/arm/arm-gnu-toolchain/bin/../lib/gcc/arm-none-eabi/6.3.1/../../../../arm-none-eabi/lib/thumb/v7-m\libm.a
END GROUP
START GROUP
LOAD c:/program files (x86)/atmel/studio/7.0/toolchain/arm/arm-gnu-toolchain/bin/../lib/gcc/arm-none-eabi/6.3.1/thumb/v7-m\libgcc.a
LOAD c:/program files (x86)/atmel/studio/7.0/toolchain/arm/arm-gnu-toolchain/bin/../lib/gcc/arm-none-eabi/6.3.1/../../../../arm-none-eabi/lib/thumb/v7-m\libc.a
END GROUP
LOAD c:/program files (x86)/atmel/studio/7.0/toolchain/arm/arm-gnu-toolchain/bin/../lib/gcc/arm-none-eabi/6.3.1/thumb/v7-m/crtend.o
LOAD c:/program files (x86)/atmel/studio/7.0/toolchain/arm/arm-gnu-toolchain/bin/../lib/gcc/arm-none-eabi/6.3.1/thumb/v7-m/crtn.o
                0x00000400                STACK_SIZE = DEFINED (STACK_SIZE)?STACK_SIZE:0x400
                0x00000200                HEAP_SIZE = DEFINED (HEAP_SIZE)?HEAP_SIZE:0x200

.text           0x00080000      0xaac
                0x00080000                . = ALIGN (0x4)
                0x00080000                _sfixed = .
 *(.vectors .vectors.*)
 .vectors       0x00080000       0xf4 Device_Startup/startup_sam3xa.o
                0x00080000                exception_table
 *(.text .text.* .gnu.linkonce.t.*)
 .text          0x000800f4       0x6c c:/program files (x86)/atmel/studio/7.0/toolchain/arm/arm-gnu-toolchain/bin/../lib/gcc/arm-none-eabi/6.3.1/thumb/v7-m/crtbegin.o
 .text.Dummy_Handler
                0x00080160        0x2 Device_Startup/startup_sam3xa.o
                0x00080160                DACC_Handler
                0x00080160                DebugMon_Handler
                0x00080160                DMAC_Handler
                0x00080160                TRNG_Handler
                0x00080160                HardFault_Handler
                0x00080160                TC2_Handler
                0x00080160                SysTick_Handler
                0x00080160                TWI1_Handler
                0x00080160                PendSV_Handler
                0x00080160                NMI_Handler
                0x00080160                ADC_Handler
                0x00080160                USART0_Handler
                0x00080160                RTT_Handler
                0x00080160                EFC1_Handler
                0x00080160                PIOB_Handler
                0x00080160                RTC_Handler
                0x00080160                UsageFault_Handler
                0x00080160                WDT_Handler
                0x00080160                CAN0_Handler
                0x00080160                TC4_Handler
                0x00080160                TC1_Handler
                0x00080160                HSMCI_Handler
                0x00080160                TC3_Handler
                0x00080160                Dummy_Handler
                0x00080160                TWI0_Handler
                0x00080160                USART1_Handler
                0x00080160                PIOA_Handler
                0x00080160                SSC_Handler
                0x00080160                EFC0_Handler
                0x00080160                PMC_Handler
                0x00080160                PWM_Handler
                0x00080160                CAN1_Handler
                0x00080160                MemManage_Handler
                0x00080160                SUPC_Handler
                0x00080160                SVC_Handler
                0x00080160                USART2_Handler
                0x00080160                UART_Handler
                0x00080160                BusFault_Handler
                0x00080160                RSTC_Handler
                0x00080160                TC0_Handler
                0x00080160                TC5_Handler
                0x00080160                UOTGHS_Handler
                0x00080160                SPI0_Handler
 *fill*         0x00080162        0x2 
 .text.Reset_Handler
                0x00080164       0x6c Device_Startup/startup_sam3xa.o
                0x00080164                Reset_Handler
 .text.SystemInit
                0x000801d0       0xa4 Device_Startup/system_sam3xa.o
                0x000801d0                SystemInit
 .text.Toggle_Output
                0x00080274       0x20 Drivers/Src/PIO_SAM.o
                0x00080274                Toggle_Output
 .text.usart_set_async_baudrate
                0x00080294       0x4a Drivers/Src/usart.o
                0x00080294                usart_set_async_baudrate
 .text.usart_enable_tx
                0x000802de        0x6 Drivers/Src/usart.o
                0x000802de                usart_enable_tx
 .text.usart_reset_tx
                0x000802e4        0x6 Drivers/Src/usart.o
                0x000802e4                usart_reset_tx
 .text.usart_enable_rx
                0x000802ea        0x6 Drivers/Src/usart.o
                0x000802ea                usart_enable_rx
 .text.usart_reset_rx
                0x000802f0        0x6 Drivers/Src/usart.o
                0x000802f0                usart_reset_rx
 .text.usart_enable_interrupt
                0x000802f6        0x4 Drivers/Src/usart.o
                0x000802f6                usart_enable_interrupt
 .text.usart_reset_status
                0x000802fa        0x8 Drivers/Src/usart.o
                0x000802fa                usart_reset_status
 .text.usart_drive_RTS_pin_high
                0x00080302        0x8 Drivers/Src/usart.o
                0x00080302                usart_drive_RTS_pin_high
 *fill*         0x0008030a        0x2 
 .text.usart_disable_writeprotect
                0x0008030c        0xc Drivers/Src/usart.o
                0x0008030c                usart_disable_writeprotect
 .text.usart_reset
                0x00080318       0x40 Drivers/Src/usart.o
                0x00080318                usart_reset
 .text.usart_init_rs232
                0x00080358       0x58 Drivers/Src/usart.o
                0x00080358                usart_init_rs232
 .text.DELAY    0x000803b0       0x2c main.o
                0x000803b0                DELAY
 .text.main     0x000803dc       0x74 main.o
                0x000803dc                main
 .text.ADC_init
                0x00080450       0x38 Src/ADC_init_SAM.o
                0x00080450                ADC_init
 .text.DAC_init
                0x00080488       0x40 Src/DAC_init_SAM.o
                0x00080488                DAC_init
 .text.PIO_IO_init
                0x000804c8       0x16 Src/pio_init.o
                0x000804c8                PIO_IO_init
 *fill*         0x000804de        0x2 
 .text.LED_PIO_init
                0x000804e0       0x24 Src/pio_init.o
                0x000804e0                LED_PIO_init
 .text.USART_PIO_init
                0x00080504       0x78 Src/pio_init.o
                0x00080504                USART_PIO_init
 .text.TWI0_PIO_init
                0x0008057c       0x78 Src/pio_init.o
                0x0008057c                TWI0_PIO_init
 .text.SPI_PIO_init
                0x000805f4       0xac Src/pio_init.o
                0x000805f4                SPI_PIO_init
 .text.ADC_PIO_init
                0x000806a0       0x50 Src/pio_init.o
                0x000806a0                ADC_PIO_init
 .text.DAC_PIO_init
                0x000806f0       0x50 Src/pio_init.o
                0x000806f0                DAC_PIO_init
 .text.PIO_INIT
                0x00080740       0x78 Src/pio_init.o
                0x00080740                PIO_INIT
 .text.PWM_init
                0x000807b8       0x44 Src/PWM_init_SAM.o
                0x000807b8                PWM_init
 .text.RTC_init
                0x000807fc        0x2 Src/RTC_init_ISL12022M.o
                0x000807fc                RTC_init
 *fill*         0x000807fe        0x2 
 .text.SPI_init
                0x00080800       0x68 Src/SPI_init_SAM.o
                0x00080800                SPI_init
 .text.TWI_init
                0x00080868       0x3c Src/TWI_init_SAM.o
                0x00080868                TWI_init
 .text.USART0_init
                0x000808a4       0x70 Src/USART_init_SAM.o
                0x000808a4                USART0_init
 .text.__libc_init_array
                0x00080914       0x50 c:/program files (x86)/atmel/studio/7.0/toolchain/arm/arm-gnu-toolchain/bin/../lib/gcc/arm-none-eabi/6.3.1/../../../../arm-none-eabi/lib/thumb/v7-m\libc.a(lib_a-init.o)
                0x00080914                __libc_init_array
 .text.startup.register_fini
                0x00080964       0x14 c:/program files (x86)/atmel/studio/7.0/toolchain/arm/arm-gnu-toolchain/bin/../lib/gcc/arm-none-eabi/6.3.1/../../../../arm-none-eabi/lib/thumb/v7-m\libc.a(lib_a-__call_atexit.o)
 .text.atexit   0x00080978        0xc c:/program files (x86)/atmel/studio/7.0/toolchain/arm/arm-gnu-toolchain/bin/../lib/gcc/arm-none-eabi/6.3.1/../../../../arm-none-eabi/lib/thumb/v7-m\libc.a(lib_a-atexit.o)
                0x00080978                atexit
 .text.__libc_fini_array
                0x00080984       0x34 c:/program files (x86)/atmel/studio/7.0/toolchain/arm/arm-gnu-toolchain/bin/../lib/gcc/arm-none-eabi/6.3.1/../../../../arm-none-eabi/lib/thumb/v7-m\libc.a(lib_a-fini.o)
                0x00080984                __libc_fini_array
 .text.__retarget_lock_acquire_recursive
                0x000809b8        0x4 c:/program files (x86)/atmel/studio/7.0/toolchain/arm/arm-gnu-toolchain/bin/../lib/gcc/arm-none-eabi/6.3.1/../../../../arm-none-eabi/lib/thumb/v7-m\libc.a(lib_a-lock.o)
                0x000809b8                __retarget_lock_acquire_recursive
 .text.__retarget_lock_release_recursive
                0x000809bc        0x4 c:/program files (x86)/atmel/studio/7.0/toolchain/arm/arm-gnu-toolchain/bin/../lib/gcc/arm-none-eabi/6.3.1/../../../../arm-none-eabi/lib/thumb/v7-m\libc.a(lib_a-lock.o)
                0x000809bc                __retarget_lock_release_recursive
 .text.__register_exitproc
                0x000809c0       0xc4 c:/program files (x86)/atmel/studio/7.0/toolchain/arm/arm-gnu-toolchain/bin/../lib/gcc/arm-none-eabi/6.3.1/../../../../arm-none-eabi/lib/thumb/v7-m\libc.a(lib_a-__atexit.o)
                0x000809c0                __register_exitproc
 *(.glue_7t)
 .glue_7t       0x00080a84        0x0 linker stubs
 *(.glue_7)
 .glue_7        0x00080a84        0x0 linker stubs
 *(.rodata .rodata* .gnu.linkonce.r.*)
 .rodata._global_impure_ptr
                0x00080a84        0x4 c:/program files (x86)/atmel/studio/7.0/toolchain/arm/arm-gnu-toolchain/bin/../lib/gcc/arm-none-eabi/6.3.1/../../../../arm-none-eabi/lib/thumb/v7-m\libc.a(lib_a-impure.o)
                0x00080a84                _global_impure_ptr
 *(.ARM.extab* .gnu.linkonce.armextab.*)
                0x00080a88                . = ALIGN (0x4)
 *(.init)
 .init          0x00080a88        0x4 c:/program files (x86)/atmel/studio/7.0/toolchain/arm/arm-gnu-toolchain/bin/../lib/gcc/arm-none-eabi/6.3.1/thumb/v7-m/crti.o
                0x00080a88                _init
 .init          0x00080a8c        0x8 c:/program files (x86)/atmel/studio/7.0/toolchain/arm/arm-gnu-toolchain/bin/../lib/gcc/arm-none-eabi/6.3.1/thumb/v7-m/crtn.o
                0x00080a94                . = ALIGN (0x4)
                0x00080a94                __preinit_array_start = .
 *(.preinit_array)
                0x00080a94                __preinit_array_end = .
                0x00080a94                . = ALIGN (0x4)
                0x00080a94                __init_array_start = .
 *(SORT(.init_array.*))
 .init_array.00000
                0x00080a94        0x4 c:/program files (x86)/atmel/studio/7.0/toolchain/arm/arm-gnu-toolchain/bin/../lib/gcc/arm-none-eabi/6.3.1/../../../../arm-none-eabi/lib/thumb/v7-m\libc.a(lib_a-__call_atexit.o)
 *(.init_array)
 .init_array    0x00080a98        0x4 c:/program files (x86)/atmel/studio/7.0/toolchain/arm/arm-gnu-toolchain/bin/../lib/gcc/arm-none-eabi/6.3.1/thumb/v7-m/crtbegin.o
                0x00080a9c                __init_array_end = .
                0x00080a9c                . = ALIGN (0x4)
 *crtbegin.o(.ctors)
 *(EXCLUDE_FILE(*crtend.o) .ctors)
 *(SORT(.ctors.*))
 *crtend.o(.ctors)
                0x00080a9c                . = ALIGN (0x4)
 *(.fini)
 .fini          0x00080a9c        0x4 c:/program files (x86)/atmel/studio/7.0/toolchain/arm/arm-gnu-toolchain/bin/../lib/gcc/arm-none-eabi/6.3.1/thumb/v7-m/crti.o
                0x00080a9c                _fini
 .fini          0x00080aa0        0x8 c:/program files (x86)/atmel/studio/7.0/toolchain/arm/arm-gnu-toolchain/bin/../lib/gcc/arm-none-eabi/6.3.1/thumb/v7-m/crtn.o
                0x00080aa8                . = ALIGN (0x4)
                0x00080aa8                __fini_array_start = .
 *(.fini_array)
 .fini_array    0x00080aa8        0x4 c:/program files (x86)/atmel/studio/7.0/toolchain/arm/arm-gnu-toolchain/bin/../lib/gcc/arm-none-eabi/6.3.1/thumb/v7-m/crtbegin.o
 *(SORT(.fini_array.*))
                0x00080aac                __fini_array_end = .
 *crtbegin.o(.dtors)
 *(EXCLUDE_FILE(*crtend.o) .dtors)
 *(SORT(.dtors.*))
 *crtend.o(.dtors)
                0x00080aac                . = ALIGN (0x4)
                0x00080aac                _efixed = .
                [!provide]                PROVIDE (__exidx_start, .)

.vfp11_veneer   0x00080aac        0x0
 .vfp11_veneer  0x00080aac        0x0 linker stubs

.v4_bx          0x00080aac        0x0
 .v4_bx         0x00080aac        0x0 linker stubs

.iplt           0x00080aac        0x0
 .iplt          0x00080aac        0x0 c:/program files (x86)/atmel/studio/7.0/toolchain/arm/arm-gnu-toolchain/bin/../lib/gcc/arm-none-eabi/6.3.1/thumb/v7-m/crtbegin.o

.eh_frame       0x00080aac        0x0
 .eh_frame      0x00080aac        0x0 c:/program files (x86)/atmel/studio/7.0/toolchain/arm/arm-gnu-toolchain/bin/../lib/gcc/arm-none-eabi/6.3.1/thumb/v7-m/crtbegin.o

.rel.dyn        0x00080aac        0x0
 .rel.iplt      0x00080aac        0x0 c:/program files (x86)/atmel/studio/7.0/toolchain/arm/arm-gnu-toolchain/bin/../lib/gcc/arm-none-eabi/6.3.1/thumb/v7-m/crtbegin.o

.jcr            0x00080aac        0x0
 .jcr           0x00080aac        0x0 c:/program files (x86)/atmel/studio/7.0/toolchain/arm/arm-gnu-toolchain/bin/../lib/gcc/arm-none-eabi/6.3.1/thumb/v7-m/crtbegin.o

.igot.plt       0x00080aac        0x0
 .igot.plt      0x00080aac        0x0 c:/program files (x86)/atmel/studio/7.0/toolchain/arm/arm-gnu-toolchain/bin/../lib/gcc/arm-none-eabi/6.3.1/thumb/v7-m/crtbegin.o

.ARM.exidx
 *(.ARM.exidx* .gnu.linkonce.armexidx.*)
                [!provide]                PROVIDE (__exidx_end, .)
                0x00080aac                . = ALIGN (0x4)
                0x00080aac                _etext = .

.relocate       0x20000000      0x434 load address 0x00080aac
                0x20000000                . = ALIGN (0x4)
                0x20000000                _srelocate = .
 *(.ramfunc .ramfunc.*)
 *(.data .data.*)
 .data          0x20000000        0x4 Device_Startup/system_sam3xa.o
                0x20000000                SystemCoreClock
 *fill*         0x20000004        0x4 
 .data.impure_data
                0x20000008      0x428 c:/program files (x86)/atmel/studio/7.0/toolchain/arm/arm-gnu-toolchain/bin/../lib/gcc/arm-none-eabi/6.3.1/../../../../arm-none-eabi/lib/thumb/v7-m\libc.a(lib_a-impure.o)
 .data.__atexit_recursive_mutex
                0x20000430        0x4 c:/program files (x86)/atmel/studio/7.0/toolchain/arm/arm-gnu-toolchain/bin/../lib/gcc/arm-none-eabi/6.3.1/../../../../arm-none-eabi/lib/thumb/v7-m\libc.a(lib_a-__call_atexit.o)
                0x20000430                __atexit_recursive_mutex
                0x20000434                . = ALIGN (0x4)
                0x20000434                _erelocate = .

.bss            0x20000434       0x5c load address 0x00080ee0
                0x20000434                . = ALIGN (0x4)
                0x20000434                _sbss = .
                0x20000434                _szero = .
 *(.bss .bss.*)
 .bss           0x20000434       0x1c c:/program files (x86)/atmel/studio/7.0/toolchain/arm/arm-gnu-toolchain/bin/../lib/gcc/arm-none-eabi/6.3.1/thumb/v7-m/crtbegin.o
 .bss           0x20000450       0x18 Drivers/Src/usart.o
 .bss           0x20000468        0x4 main.o
 *(COMMON)
 COMMON         0x2000046c       0x21 c:/program files (x86)/atmel/studio/7.0/toolchain/arm/arm-gnu-toolchain/bin/../lib/gcc/arm-none-eabi/6.3.1/../../../../arm-none-eabi/lib/thumb/v7-m\libc.a(lib_a-lock.o)
                0x2000046c                __lock___atexit_recursive_mutex
                0x20000470                __lock___arc4random_mutex
                0x20000474                __lock___env_recursive_mutex
                0x20000478                __lock___sinit_recursive_mutex
                0x2000047c                __lock___malloc_recursive_mutex
                0x20000480                __lock___at_quick_exit_mutex
                0x20000484                __lock___dd_hash_mutex
                0x20000488                __lock___tz_mutex
                0x2000048c                __lock___sfp_recursive_mutex
                0x20000490                . = ALIGN (0x4)
 *fill*         0x2000048d        0x3 
                0x20000490                _ebss = .
                0x20000490                _ezero = .

.stack          0x20000490      0x400 load address 0x00080f3c
                0x20000490                . = ALIGN (0x8)
                0x20000490                _sstack = .
                0x20000890                . = (. + STACK_SIZE)
 *fill*         0x20000490      0x400 
                0x20000890                . = ALIGN (0x8)
                0x20000890                _estack = .

.heap           0x20000890      0x200 load address 0x0008133c
                0x20000890                . = ALIGN (0x8)
                0x20000890                _sheap = .
                0x20000a90                . = (. + HEAP_SIZE)
 *fill*         0x20000890      0x200 
                0x20000a90                . = ALIGN (0x8)
                0x20000a90                _eheap = .
                0x20000a90                . = ALIGN (0x4)
                0x20000a90                _end = .
                0x2000ffff                _ram_end_ = ((ORIGIN (ram) + LENGTH (ram)) - 0x1)
OUTPUT(SAM3A_Test1.elf elf32-littlearm)

.ARM.attributes
                0x00000000       0x29
 .ARM.attributes
                0x00000000       0x1d c:/program files (x86)/atmel/studio/7.0/toolchain/arm/arm-gnu-toolchain/bin/../lib/gcc/arm-none-eabi/6.3.1/thumb/v7-m/crti.o
 .ARM.attributes
                0x0000001d       0x2d c:/program files (x86)/atmel/studio/7.0/toolchain/arm/arm-gnu-toolchain/bin/../lib/gcc/arm-none-eabi/6.3.1/thumb/v7-m/crtbegin.o
 .ARM.attributes
                0x0000004a       0x33 Device_Startup/startup_sam3xa.o
 .ARM.attributes
                0x0000007d       0x33 Device_Startup/system_sam3xa.o
 .ARM.attributes
                0x000000b0       0x33 Drivers/Src/PIO_SAM.o
 .ARM.attributes
                0x000000e3       0x33 Drivers/Src/usart.o
 .ARM.attributes
                0x00000116       0x33 main.o
 .ARM.attributes
                0x00000149       0x33 Src/ADC_init_SAM.o
 .ARM.attributes
                0x0000017c       0x33 Src/DAC_init_SAM.o
 .ARM.attributes
                0x000001af       0x33 Src/pio_init.o
 .ARM.attributes
                0x000001e2       0x33 Src/PWM_init_SAM.o
 .ARM.attributes
                0x00000215       0x33 Src/RTC_init_ISL12022M.o
 .ARM.attributes
                0x00000248       0x33 Src/SPI_init_SAM.o
 .ARM.attributes
                0x0000027b       0x33 Src/TWI_init_SAM.o
 .ARM.attributes
                0x000002ae       0x33 Src/USART_init_SAM.o
 .ARM.attributes
                0x000002e1       0x2d c:/program files (x86)/atmel/studio/7.0/toolchain/arm/arm-gnu-toolchain/bin/../lib/gcc/arm-none-eabi/6.3.1/../../../../arm-none-eabi/lib/thumb/v7-m\libc.a(lib_a-impure.o)
 .ARM.attributes
                0x0000030e       0x2d c:/program files (x86)/atmel/studio/7.0/toolchain/arm/arm-gnu-toolchain/bin/../lib/gcc/arm-none-eabi/6.3.1/../../../../arm-none-eabi/lib/thumb/v7-m\libc.a(lib_a-init.o)
 .ARM.attributes
                0x0000033b       0x2d c:/program files (x86)/atmel/studio/7.0/toolchain/arm/arm-gnu-toolchain/bin/../lib/gcc/arm-none-eabi/6.3.1/../../../../arm-none-eabi/lib/thumb/v7-m\libc.a(lib_a-__call_atexit.o)
 .ARM.attributes
                0x00000368       0x2d c:/program files (x86)/atmel/studio/7.0/toolchain/arm/arm-gnu-toolchain/bin/../lib/gcc/arm-none-eabi/6.3.1/../../../../arm-none-eabi/lib/thumb/v7-m\libc.a(lib_a-atexit.o)
 .ARM.attributes
                0x00000395       0x2d c:/program files (x86)/atmel/studio/7.0/toolchain/arm/arm-gnu-toolchain/bin/../lib/gcc/arm-none-eabi/6.3.1/../../../../arm-none-eabi/lib/thumb/v7-m\libc.a(lib_a-fini.o)
 .ARM.attributes
                0x000003c2       0x2d c:/program files (x86)/atmel/studio/7.0/toolchain/arm/arm-gnu-toolchain/bin/../lib/gcc/arm-none-eabi/6.3.1/../../../../arm-none-eabi/lib/thumb/v7-m\libc.a(lib_a-lock.o)
 .ARM.attributes
                0x000003ef       0x2d c:/program files (x86)/atmel/studio/7.0/toolchain/arm/arm-gnu-toolchain/bin/../lib/gcc/arm-none-eabi/6.3.1/../../../../arm-none-eabi/lib/thumb/v7-m\libc.a(lib_a-__atexit.o)
 .ARM.attributes
                0x0000041c       0x1d c:/program files (x86)/atmel/studio/7.0/toolchain/arm/arm-gnu-toolchain/bin/../lib/gcc/arm-none-eabi/6.3.1/thumb/v7-m/crtn.o

.comment        0x00000000       0x59
 .comment       0x00000000       0x59 Device_Startup/startup_sam3xa.o
                                 0x5a (size before relaxing)
 .comment       0x00000059       0x5a Device_Startup/system_sam3xa.o
 .comment       0x00000059       0x5a Drivers/Src/PIO_SAM.o
 .comment       0x00000059       0x5a Drivers/Src/usart.o
 .comment       0x00000059       0x5a main.o
 .comment       0x00000059       0x5a Src/ADC_init_SAM.o
 .comment       0x00000059       0x5a Src/DAC_init_SAM.o
 .comment       0x00000059       0x5a Src/pio_init.o
 .comment       0x00000059       0x5a Src/PWM_init_SAM.o
 .comment       0x00000059       0x5a Src/RTC_init_ISL12022M.o
 .comment       0x00000059       0x5a Src/SPI_init_SAM.o
 .comment       0x00000059       0x5a Src/TWI_init_SAM.o
 .comment       0x00000059       0x5a Src/USART_init_SAM.o

.debug_info     0x00000000     0x5611
 .debug_info    0x00000000      0x74e Device_Startup/startup_sam3xa.o
 .debug_info    0x0000074e      0x444 Device_Startup/system_sam3xa.o
 .debug_info    0x00000b92      0x4c2 Drivers/Src/PIO_SAM.o
 .debug_info    0x00001054     0x13de Drivers/Src/usart.o
 .debug_info    0x00002432      0x5ef main.o
 .debug_info    0x00002a21      0x5ad Src/ADC_init_SAM.o
 .debug_info    0x00002fce      0x544 Src/DAC_init_SAM.o
 .debug_info    0x00003512      0x8e8 Src/pio_init.o
 .debug_info    0x00003dfa      0x7a3 Src/PWM_init_SAM.o
 .debug_info    0x0000459d       0x43 Src/RTC_init_ISL12022M.o
 .debug_info    0x000045e0      0x45c Src/SPI_init_SAM.o
 .debug_info    0x00004a3c      0x4dc Src/TWI_init_SAM.o
 .debug_info    0x00004f18      0x6f9 Src/USART_init_SAM.o

.debug_abbrev   0x00000000      0xe76
 .debug_abbrev  0x00000000      0x153 Device_Startup/startup_sam3xa.o
 .debug_abbrev  0x00000153      0x102 Device_Startup/system_sam3xa.o
 .debug_abbrev  0x00000255       0xf5 Drivers/Src/PIO_SAM.o
 .debug_abbrev  0x0000034a      0x290 Drivers/Src/usart.o
 .debug_abbrev  0x000005da      0x13c main.o
 .debug_abbrev  0x00000716       0xbf Src/ADC_init_SAM.o
 .debug_abbrev  0x000007d5       0xcc Src/DAC_init_SAM.o
 .debug_abbrev  0x000008a1      0x199 Src/pio_init.o
 .debug_abbrev  0x00000a3a       0xcc Src/PWM_init_SAM.o
 .debug_abbrev  0x00000b06       0x31 Src/RTC_init_ISL12022M.o
 .debug_abbrev  0x00000b37       0xcc Src/SPI_init_SAM.o
 .debug_abbrev  0x00000c03       0xbf Src/TWI_init_SAM.o
 .debug_abbrev  0x00000cc2      0x1b4 Src/USART_init_SAM.o

.debug_loc      0x00000000      0xd7d
 .debug_loc     0x00000000       0x78 Device_Startup/startup_sam3xa.o
 .debug_loc     0x00000078       0x3a Drivers/Src/PIO_SAM.o
 .debug_loc     0x000000b2      0xbbf Drivers/Src/usart.o
 .debug_loc     0x00000c71       0x3e main.o
 .debug_loc     0x00000caf       0x82 Src/pio_init.o
 .debug_loc     0x00000d31       0x4c Src/USART_init_SAM.o

.debug_aranges  0x00000000      0x3c0
 .debug_aranges
                0x00000000       0x28 Device_Startup/startup_sam3xa.o
 .debug_aranges
                0x00000028       0x30 Device_Startup/system_sam3xa.o
 .debug_aranges
                0x00000058       0x20 Drivers/Src/PIO_SAM.o
 .debug_aranges
                0x00000078      0x1e0 Drivers/Src/usart.o
 .debug_aranges
                0x00000258       0x28 main.o
 .debug_aranges
                0x00000280       0x20 Src/ADC_init_SAM.o
 .debug_aranges
                0x000002a0       0x20 Src/DAC_init_SAM.o
 .debug_aranges
                0x000002c0       0x60 Src/pio_init.o
 .debug_aranges
                0x00000320       0x20 Src/PWM_init_SAM.o
 .debug_aranges
                0x00000340       0x20 Src/RTC_init_ISL12022M.o
 .debug_aranges
                0x00000360       0x20 Src/SPI_init_SAM.o
 .debug_aranges
                0x00000380       0x20 Src/TWI_init_SAM.o
 .debug_aranges
                0x000003a0       0x20 Src/USART_init_SAM.o

.debug_ranges   0x00000000      0x2f0
 .debug_ranges  0x00000000       0x18 Device_Startup/startup_sam3xa.o
 .debug_ranges  0x00000018       0x20 Device_Startup/system_sam3xa.o
 .debug_ranges  0x00000038       0x10 Drivers/Src/PIO_SAM.o
 .debug_ranges  0x00000048      0x1d0 Drivers/Src/usart.o
 .debug_ranges  0x00000218       0x18 main.o
 .debug_ranges  0x00000230       0x10 Src/ADC_init_SAM.o
 .debug_ranges  0x00000240       0x10 Src/DAC_init_SAM.o
 .debug_ranges  0x00000250       0x50 Src/pio_init.o
 .debug_ranges  0x000002a0       0x10 Src/PWM_init_SAM.o
 .debug_ranges  0x000002b0       0x10 Src/RTC_init_ISL12022M.o
 .debug_ranges  0x000002c0       0x10 Src/SPI_init_SAM.o
 .debug_ranges  0x000002d0       0x10 Src/TWI_init_SAM.o
 .debug_ranges  0x000002e0       0x10 Src/USART_init_SAM.o

.debug_macro    0x00000000    0x105f0
 .debug_macro   0x00000000      0x321 Device_Startup/startup_sam3xa.o
 .debug_macro   0x00000321      0x8bc Device_Startup/startup_sam3xa.o
 .debug_macro   0x00000bdd       0x22 Device_Startup/startup_sam3xa.o
 .debug_macro   0x00000bff       0x87 Device_Startup/startup_sam3xa.o
 .debug_macro   0x00000c86       0x51 Device_Startup/startup_sam3xa.o
 .debug_macro   0x00000cd7       0xef Device_Startup/startup_sam3xa.o
 .debug_macro   0x00000dc6       0x6a Device_Startup/startup_sam3xa.o
 .debug_macro   0x00000e30      0x1df Device_Startup/startup_sam3xa.o
 .debug_macro   0x0000100f       0x20 Device_Startup/startup_sam3xa.o
 .debug_macro   0x0000102f       0x1c Device_Startup/startup_sam3xa.o
 .debug_macro   0x0000104b       0x22 Device_Startup/startup_sam3xa.o
 .debug_macro   0x0000106d       0xc3 Device_Startup/startup_sam3xa.o
 .debug_macro   0x00001130      0xe49 Device_Startup/startup_sam3xa.o
 .debug_macro   0x00001f79      0x11f Device_Startup/startup_sam3xa.o
 .debug_macro   0x00002098      0xa7d Device_Startup/startup_sam3xa.o
 .debug_macro   0x00002b15      0x55a Device_Startup/startup_sam3xa.o
 .debug_macro   0x0000306f      0x1a8 Device_Startup/startup_sam3xa.o
 .debug_macro   0x00003217      0x30b Device_Startup/startup_sam3xa.o
 .debug_macro   0x00003522      0x709 Device_Startup/startup_sam3xa.o
 .debug_macro   0x00003c2b       0xd6 Device_Startup/startup_sam3xa.o
 .debug_macro   0x00003d01       0x1c Device_Startup/startup_sam3xa.o
 .debug_macro   0x00003d1d      0x678 Device_Startup/startup_sam3xa.o
 .debug_macro   0x00004395      0x51e Device_Startup/startup_sam3xa.o
 .debug_macro   0x000048b3       0xbe Device_Startup/startup_sam3xa.o
 .debug_macro   0x00004971     0x2333 Device_Startup/startup_sam3xa.o
 .debug_macro   0x00006ca4      0x7d1 Device_Startup/startup_sam3xa.o
 .debug_macro   0x00007475      0xdbb Device_Startup/startup_sam3xa.o
 .debug_macro   0x00008230       0x9a Device_Startup/startup_sam3xa.o
 .debug_macro   0x000082ca      0x29c Device_Startup/startup_sam3xa.o
 .debug_macro   0x00008566       0x58 Device_Startup/startup_sam3xa.o
 .debug_macro   0x000085be      0x22d Device_Startup/startup_sam3xa.o
 .debug_macro   0x000087eb      0x4b4 Device_Startup/startup_sam3xa.o
 .debug_macro   0x00008c9f      0x64a Device_Startup/startup_sam3xa.o
 .debug_macro   0x000092e9      0x590 Device_Startup/startup_sam3xa.o
 .debug_macro   0x00009879       0x46 Device_Startup/startup_sam3xa.o
 .debug_macro   0x000098bf      0x33f Device_Startup/startup_sam3xa.o
 .debug_macro   0x00009bfe      0x27e Device_Startup/startup_sam3xa.o
 .debug_macro   0x00009e7c     0x14dc Device_Startup/startup_sam3xa.o
 .debug_macro   0x0000b358      0x7cf Device_Startup/startup_sam3xa.o
 .debug_macro   0x0000bb27       0x76 Device_Startup/startup_sam3xa.o
 .debug_macro   0x0000bb9d       0x82 Device_Startup/startup_sam3xa.o
 .debug_macro   0x0000bc1f       0x76 Device_Startup/startup_sam3xa.o
 .debug_macro   0x0000bc95       0x4c Device_Startup/startup_sam3xa.o
 .debug_macro   0x0000bce1      0x100 Device_Startup/startup_sam3xa.o
 .debug_macro   0x0000bde1      0x100 Device_Startup/startup_sam3xa.o
 .debug_macro   0x0000bee1       0x88 Device_Startup/startup_sam3xa.o
 .debug_macro   0x0000bf69       0x88 Device_Startup/startup_sam3xa.o
 .debug_macro   0x0000bff1      0x3b4 Device_Startup/startup_sam3xa.o
 .debug_macro   0x0000c3a5       0xbe Device_Startup/startup_sam3xa.o
 .debug_macro   0x0000c463       0xbe Device_Startup/startup_sam3xa.o
 .debug_macro   0x0000c521       0xbe Device_Startup/startup_sam3xa.o
 .debug_macro   0x0000c5df      0x2b8 Device_Startup/startup_sam3xa.o
 .debug_macro   0x0000c897      0x216 Device_Startup/startup_sam3xa.o
 .debug_macro   0x0000caad      0x216 Device_Startup/startup_sam3xa.o
 .debug_macro   0x0000ccc3       0x2e Device_Startup/startup_sam3xa.o
 .debug_macro   0x0000ccf1       0xac Device_Startup/startup_sam3xa.o
 .debug_macro   0x0000cd9d      0x13e Device_Startup/startup_sam3xa.o
 .debug_macro   0x0000cedb       0x7c Device_Startup/startup_sam3xa.o
 .debug_macro   0x0000cf57       0x64 Device_Startup/startup_sam3xa.o
 .debug_macro   0x0000cfbb       0xa6 Device_Startup/startup_sam3xa.o
 .debug_macro   0x0000d061       0x7c Device_Startup/startup_sam3xa.o
 .debug_macro   0x0000d0dd       0x16 Device_Startup/startup_sam3xa.o
 .debug_macro   0x0000d0f3       0x22 Device_Startup/startup_sam3xa.o
 .debug_macro   0x0000d115       0x22 Device_Startup/startup_sam3xa.o
 .debug_macro   0x0000d137      0x10c Device_Startup/startup_sam3xa.o
 .debug_macro   0x0000d243      0x10c Device_Startup/startup_sam3xa.o
 .debug_macro   0x0000d34f       0x1c Device_Startup/startup_sam3xa.o
 .debug_macro   0x0000d36b       0x2e Device_Startup/startup_sam3xa.o
 .debug_macro   0x0000d399       0x22 Device_Startup/startup_sam3xa.o
 .debug_macro   0x0000d3bb       0x1c Device_Startup/startup_sam3xa.o
 .debug_macro   0x0000d3d7       0x58 Device_Startup/startup_sam3xa.o
 .debug_macro   0x0000d42f       0x10 Device_Startup/startup_sam3xa.o
 .debug_macro   0x0000d43f      0x211 Device_Startup/startup_sam3xa.o
 .debug_macro   0x0000d650      0x77b Device_Startup/startup_sam3xa.o
 .debug_macro   0x0000ddcb      0x170 Device_Startup/startup_sam3xa.o
 .debug_macro   0x0000df3b      0x333 Device_Startup/system_sam3xa.o
 .debug_macro   0x0000e26e      0x36d Drivers/Src/PIO_SAM.o
 .debug_macro   0x0000e5db       0xa0 Drivers/Src/PIO_SAM.o
 .debug_macro   0x0000e67b      0x386 Drivers/Src/usart.o
 .debug_macro   0x0000ea01      0x3f2 main.o
 .debug_macro   0x0000edf3       0x34 main.o
 .debug_macro   0x0000ee27      0x35a Src/ADC_init_SAM.o
 .debug_macro   0x0000f181      0x35a Src/DAC_init_SAM.o
 .debug_macro   0x0000f4db      0x35f Src/pio_init.o
 .debug_macro   0x0000f83a      0x35a Src/PWM_init_SAM.o
 .debug_macro   0x0000fb94       0x1b Src/RTC_init_ISL12022M.o
 .debug_macro   0x0000fbaf      0x35a Src/SPI_init_SAM.o
 .debug_macro   0x0000ff09      0x35a Src/TWI_init_SAM.o
 .debug_macro   0x00010263      0x35f Src/USART_init_SAM.o
 .debug_macro   0x000105c2       0x2e Src/USART_init_SAM.o

.debug_line     0x00000000     0x4b53
 .debug_line    0x00000000      0x59c Device_Startup/startup_sam3xa.o
 .debug_line    0x0000059c      0x5f9 Device_Startup/system_sam3xa.o
 .debug_line    0x00000b95      0x5aa Drivers/Src/PIO_SAM.o
 .debug_line    0x0000113f      0xa8c Drivers/Src/usart.o
 .debug_line    0x00001bcb      0x69e main.o
 .debug_line    0x00002269      0x59f Src/ADC_init_SAM.o
 .debug_line    0x00002808      0x5a5 Src/DAC_init_SAM.o
 .debug_line    0x00002dad      0x6a5 Src/pio_init.o
 .debug_line    0x00003452      0x5a0 Src/PWM_init_SAM.o
 .debug_line    0x000039f2       0x6a Src/RTC_init_ISL12022M.o
 .debug_line    0x00003a5c      0x5a5 Src/SPI_init_SAM.o
 .debug_line    0x00004001      0x59f Src/TWI_init_SAM.o
 .debug_line    0x000045a0      0x5b3 Src/USART_init_SAM.o

.debug_str      0x00000000    0x4829a
 .debug_str     0x00000000    0x46669 Device_Startup/startup_sam3xa.o
                              0x46826 (size before relaxing)
 .debug_str     0x00046669      0x2c7 Device_Startup/system_sam3xa.o
                              0x465d0 (size before relaxing)
 .debug_str     0x00046930      0x735 Drivers/Src/PIO_SAM.o
                              0x46b10 (size before relaxing)
 .debug_str     0x00047065      0x813 Drivers/Src/usart.o
                              0x46f17 (size before relaxing)
 .debug_str     0x00047878      0x215 main.o
                              0x46d05 (size before relaxing)
 .debug_str     0x00047a8d       0xfb Src/ADC_init_SAM.o
                              0x468f0 (size before relaxing)
 .debug_str     0x00047b88       0xd2 Src/DAC_init_SAM.o
                              0x468c7 (size before relaxing)
 .debug_str     0x00047c5a       0x8e Src/pio_init.o
                              0x46c65 (size before relaxing)
 .debug_str     0x00047ce8      0x1fc Src/PWM_init_SAM.o
                              0x469fb (size before relaxing)
 .debug_str     0x00047ee4       0x1c Src/RTC_init_ISL12022M.o
                               0x254f (size before relaxing)
 .debug_str     0x00047f00       0x6d Src/SPI_init_SAM.o
                              0x46862 (size before relaxing)
 .debug_str     0x00047f6d       0xc4 Src/TWI_init_SAM.o
                              0x468b9 (size before relaxing)
 .debug_str     0x00048031      0x269 Src/USART_init_SAM.o
                              0x46bfd (size before relaxing)

.debug_frame    0x00000000      0x860
 .debug_frame   0x00000000       0x38 Device_Startup/startup_sam3xa.o
 .debug_frame   0x00000038       0x40 Device_Startup/system_sam3xa.o
 .debug_frame   0x00000078       0x20 Drivers/Src/PIO_SAM.o
 .debug_frame   0x00000098      0x430 Drivers/Src/usart.o
 .debug_frame   0x000004c8       0x38 main.o
 .debug_frame   0x00000500       0x20 Src/ADC_init_SAM.o
 .debug_frame   0x00000520       0x20 Src/DAC_init_SAM.o
 .debug_frame   0x00000540       0xb0 Src/pio_init.o
 .debug_frame   0x000005f0       0x20 Src/PWM_init_SAM.o
 .debug_frame   0x00000610       0x20 Src/RTC_init_ISL12022M.o
 .debug_frame   0x00000630       0x20 Src/SPI_init_SAM.o
 .debug_frame   0x00000650       0x20 Src/TWI_init_SAM.o
 .debug_frame   0x00000670       0x30 Src/USART_init_SAM.o
 .debug_frame   0x000006a0       0x2c c:/program files (x86)/atmel/studio/7.0/toolchain/arm/arm-gnu-toolchain/bin/../lib/gcc/arm-none-eabi/6.3.1/../../../../arm-none-eabi/lib/thumb/v7-m\libc.a(lib_a-init.o)
 .debug_frame   0x000006cc       0x5c c:/program files (x86)/atmel/studio/7.0/toolchain/arm/arm-gnu-toolchain/bin/../lib/gcc/arm-none-eabi/6.3.1/../../../../arm-none-eabi/lib/thumb/v7-m\libc.a(lib_a-__call_atexit.o)
 .debug_frame   0x00000728       0x20 c:/program files (x86)/atmel/studio/7.0/toolchain/arm/arm-gnu-toolchain/bin/../lib/gcc/arm-none-eabi/6.3.1/../../../../arm-none-eabi/lib/thumb/v7-m\libc.a(lib_a-atexit.o)
 .debug_frame   0x00000748       0x34 c:/program files (x86)/atmel/studio/7.0/toolchain/arm/arm-gnu-toolchain/bin/../lib/gcc/arm-none-eabi/6.3.1/../../../../arm-none-eabi/lib/thumb/v7-m\libc.a(lib_a-fini.o)
 .debug_frame   0x0000077c       0xb0 c:/program files (x86)/atmel/studio/7.0/toolchain/arm/arm-gnu-toolchain/bin/../lib/gcc/arm-none-eabi/6.3.1/../../../../arm-none-eabi/lib/thumb/v7-m\libc.a(lib_a-lock.o)
 .debug_frame   0x0000082c       0x34 c:/program files (x86)/atmel/studio/7.0/toolchain/arm/arm-gnu-toolchain/bin/../lib/gcc/arm-none-eabi/6.3.1/../../../../arm-none-eabi/lib/thumb/v7-m\libc.a(lib_a-__atexit.o)
