Archive member included to satisfy reference by file (symbol)

c:/program files (x86)/atmel/studio/7.0/toolchain/arm/arm-gnu-toolchain/bin/../lib/gcc/arm-none-eabi/6.3.1/../../../../arm-none-eabi/lib/thumb/v7-m\libc.a(lib_a-exit.o)
                              c:/program files (x86)/atmel/studio/7.0/toolchain/arm/arm-gnu-toolchain/bin/../lib/gcc/arm-none-eabi/6.3.1/../../../../arm-none-eabi/lib/thumb/v7-m/crt0.o (exit)
c:/program files (x86)/atmel/studio/7.0/toolchain/arm/arm-gnu-toolchain/bin/../lib/gcc/arm-none-eabi/6.3.1/../../../../arm-none-eabi/lib/thumb/v7-m\libc.a(lib_a-impure.o)
                              c:/program files (x86)/atmel/studio/7.0/toolchain/arm/arm-gnu-toolchain/bin/../lib/gcc/arm-none-eabi/6.3.1/../../../../arm-none-eabi/lib/thumb/v7-m\libc.a(lib_a-exit.o) (_global_impure_ptr)
c:/program files (x86)/atmel/studio/7.0/toolchain/arm/arm-gnu-toolchain/bin/../lib/gcc/arm-none-eabi/6.3.1/../../../../arm-none-eabi/lib/thumb/v7-m\libc.a(lib_a-init.o)
                              c:/program files (x86)/atmel/studio/7.0/toolchain/arm/arm-gnu-toolchain/bin/../lib/gcc/arm-none-eabi/6.3.1/../../../../arm-none-eabi/lib/thumb/v7-m/crt0.o (__libc_init_array)
c:/program files (x86)/atmel/studio/7.0/toolchain/arm/arm-gnu-toolchain/bin/../lib/gcc/arm-none-eabi/6.3.1/../../../../arm-none-eabi/lib/thumb/v7-m\libc.a(lib_a-memcpy.o)
                              Drivers/ASF/thirdparty/freertos/freertos-7.3.0/source/queue.o (memcpy)
c:/program files (x86)/atmel/studio/7.0/toolchain/arm/arm-gnu-toolchain/bin/../lib/gcc/arm-none-eabi/6.3.1/../../../../arm-none-eabi/lib/thumb/v7-m\libc.a(lib_a-memset.o)
                              c:/program files (x86)/atmel/studio/7.0/toolchain/arm/arm-gnu-toolchain/bin/../lib/gcc/arm-none-eabi/6.3.1/../../../../arm-none-eabi/lib/thumb/v7-m/crt0.o (memset)
c:/program files (x86)/atmel/studio/7.0/toolchain/arm/arm-gnu-toolchain/bin/../lib/gcc/arm-none-eabi/6.3.1/../../../../arm-none-eabi/lib/thumb/v7-m\libc.a(lib_a-sprintf.o)
                              Drivers/ASF/thirdparty/freertos/freertos-7.3.0/source/tasks.o (sprintf)
c:/program files (x86)/atmel/studio/7.0/toolchain/arm/arm-gnu-toolchain/bin/../lib/gcc/arm-none-eabi/6.3.1/../../../../arm-none-eabi/lib/thumb/v7-m\libc.a(lib_a-strcat.o)
                              Drivers/ASF/thirdparty/freertos/freertos-7.3.0/source/tasks.o (strcat)
c:/program files (x86)/atmel/studio/7.0/toolchain/arm/arm-gnu-toolchain/bin/../lib/gcc/arm-none-eabi/6.3.1/../../../../arm-none-eabi/lib/thumb/v7-m\libc.a(lib_a-strcpy.o)
                              c:/program files (x86)/atmel/studio/7.0/toolchain/arm/arm-gnu-toolchain/bin/../lib/gcc/arm-none-eabi/6.3.1/../../../../arm-none-eabi/lib/thumb/v7-m\libc.a(lib_a-strcat.o) (strcpy)
c:/program files (x86)/atmel/studio/7.0/toolchain/arm/arm-gnu-toolchain/bin/../lib/gcc/arm-none-eabi/6.3.1/../../../../arm-none-eabi/lib/thumb/v7-m\libc.a(lib_a-strlen-stub.o)
                              Drivers/ASF/thirdparty/freertos/freertos-7.3.0/source/FreeRTOS_CLI.o (strlen)
c:/program files (x86)/atmel/studio/7.0/toolchain/arm/arm-gnu-toolchain/bin/../lib/gcc/arm-none-eabi/6.3.1/../../../../arm-none-eabi/lib/thumb/v7-m\libc.a(lib_a-strncmp.o)
                              Drivers/ASF/thirdparty/freertos/freertos-7.3.0/source/FreeRTOS_CLI.o (strncmp)
c:/program files (x86)/atmel/studio/7.0/toolchain/arm/arm-gnu-toolchain/bin/../lib/gcc/arm-none-eabi/6.3.1/../../../../arm-none-eabi/lib/thumb/v7-m\libc.a(lib_a-strncpy.o)
                              Drivers/ASF/thirdparty/freertos/freertos-7.3.0/source/FreeRTOS_CLI.o (strncpy)
c:/program files (x86)/atmel/studio/7.0/toolchain/arm/arm-gnu-toolchain/bin/../lib/gcc/arm-none-eabi/6.3.1/../../../../arm-none-eabi/lib/thumb/v7-m\libc.a(lib_a-svfprintf.o)
                              c:/program files (x86)/atmel/studio/7.0/toolchain/arm/arm-gnu-toolchain/bin/../lib/gcc/arm-none-eabi/6.3.1/../../../../arm-none-eabi/lib/thumb/v7-m\libc.a(lib_a-sprintf.o) (_svfprintf_r)
c:/program files (x86)/atmel/studio/7.0/toolchain/arm/arm-gnu-toolchain/bin/../lib/gcc/arm-none-eabi/6.3.1/../../../../arm-none-eabi/lib/thumb/v7-m\libc.a(lib_a-__call_atexit.o)
                              c:/program files (x86)/atmel/studio/7.0/toolchain/arm/arm-gnu-toolchain/bin/../lib/gcc/arm-none-eabi/6.3.1/../../../../arm-none-eabi/lib/thumb/v7-m\libc.a(lib_a-exit.o) (__call_exitprocs)
c:/program files (x86)/atmel/studio/7.0/toolchain/arm/arm-gnu-toolchain/bin/../lib/gcc/arm-none-eabi/6.3.1/../../../../arm-none-eabi/lib/thumb/v7-m\libc.a(lib_a-atexit.o)
                              c:/program files (x86)/atmel/studio/7.0/toolchain/arm/arm-gnu-toolchain/bin/../lib/gcc/arm-none-eabi/6.3.1/../../../../arm-none-eabi/lib/thumb/v7-m\libc.a(lib_a-__call_atexit.o) (atexit)
c:/program files (x86)/atmel/studio/7.0/toolchain/arm/arm-gnu-toolchain/bin/../lib/gcc/arm-none-eabi/6.3.1/../../../../arm-none-eabi/lib/thumb/v7-m\libc.a(lib_a-dtoa.o)
[...]
Memory Configuration

Name             Origin             Length             Attributes
rom              0x00080000         0x00080000         xr
ram              0x20000000         0x00018000         xrw
*default*        0x00000000         0xffffffff

Linker script and memory map

LOAD c:/program files (x86)/atmel/studio/7.0/toolchain/arm/arm-gnu-toolchain/bin/../lib/gcc/arm-none-eabi/6.3.1/thumb/v7-m/crti.o
LOAD c:/program files (x86)/atmel/studio/7.0/toolchain/arm/arm-gnu-toolchain/bin/../lib/gcc/arm-none-eabi/6.3.1/thumb/v7-m/crtbegin.o
LOAD c:/program files (x86)/atmel/studio/7.0/toolchain/arm/arm-gnu-toolchain/bin/../lib/gcc/arm-none-eabi/6.3.1/../../../../arm-none-eabi/lib/thumb/v7-m/crt0.o
LOAD Device_Startup/startup_sam3xa.o
LOAD Device_Startup/system_sam3xa.o
LOAD Drivers/ASF/thirdparty/freertos/freertos-7.3.0/source/FreeRTOS_CLI.o
LOAD Drivers/ASF/thirdparty/freertos/freertos-7.3.0/source/list.o
LOAD Drivers/ASF/thirdparty/freertos/freertos-7.3.0/source/portable/gcc/sam/port.o
LOAD Drivers/ASF/thirdparty/freertos/freertos-7.3.0/source/portable/memmang/heap_4.o
LOAD Drivers/ASF/thirdparty/freertos/freertos-7.3.0/source/queue.o
LOAD Drivers/ASF/thirdparty/freertos/freertos-7.3.0/source/tasks.o
LOAD Drivers/ASF/thirdparty/freertos/freertos-7.3.0/source/timers.o
LOAD Drivers/Src/ADC_SAM.o
LOAD Drivers/Src/PIO_SAM.o
LOAD Drivers/Src/PWM_SAM.o
LOAD Drivers/Src/RTC_ISL.o
LOAD Drivers/Src/SPI_SAM.o
LOAD Drivers/Src/TWI_SAM.o
LOAD Drivers/Src/usart.o
LOAD Drivers/Src/USART_SAM.o
LOAD main.o
LOAD Src/ADC_init_SAM.o
LOAD Src/DAC_init_SAM.o
LOAD Src/pio_init.o
LOAD Src/PWM_init_SAM.o
LOAD Src/RTC_init_ISL12022M.o
LOAD Src/SPI_init_SAM.o
LOAD Src/TWI_init_SAM.o
LOAD Src/USART_init_SAM.o
START GROUP
LOAD c:/program files (x86)/atmel/studio/7.0/toolchain/arm/arm-gnu-toolchain/bin/../lib/gcc/arm-none-eabi/6.3.1/../../../../arm-none-eabi/lib/thumb/v7-m\libm.a
END GROUP
START GROUP
LOAD c:/program files (x86)/atmel/studio/7.0/toolchain/arm/arm-gnu-toolchain/bin/../lib/gcc/arm-none-eabi/6.3.1/thumb/v7-m\libgcc.a
LOAD c:/program files (x86)/atmel/studio/7.0/toolchain/arm/arm-gnu-toolchain/bin/../lib/gcc/arm-none-eabi/6.3.1/../../../../arm-none-eabi/lib/thumb/v7-m\libc.a
END GROUP
LOAD c:/program files (x86)/atmel/studio/7.0/toolchain/arm/arm-gnu-toolchain/bin/../lib/gcc/arm-none-eabi/6.3.1/thumb/v7-m/crtend.o
LOAD c:/program files (x86)/atmel/studio/7.0/toolchain/arm/arm-gnu-toolchain/bin/../lib/gcc/arm-none-eabi/6.3.1/thumb/v7-m/crtn.o
                0x00000400                STACK_SIZE = DEFINED (STACK_SIZE)?STACK_SIZE:0x400
                0x00000200                HEAP_SIZE = DEFINED (HEAP_SIZE)?HEAP_SIZE:0x200

.text           0x00080000     0x25d0
                0x00080000                . = ALIGN (0x4)
                0x00080000                _sfixed = .
 *(.vectors .vectors.*)
 .vectors       0x00080000       0xf4 Device_Startup/startup_sam3xa.o
                0x00080000                exception_table
 *(.text .text.* .gnu.linkonce.t.*)
 .text          0x000800f4       0x6c c:/program files (x86)/atmel/studio/7.0/toolchain/arm/arm-gnu-toolchain/bin/../lib/gcc/arm-none-eabi/6.3.1/thumb/v7-m/crtbegin.o
 .text.Dummy_Handler
                0x00080160        0x2 Device_Startup/startup_sam3xa.o
                0x00080160                DACC_Handler
                0x00080160                DebugMon_Handler
                0x00080160                DMAC_Handler
                0x00080160                TRNG_Handler
                0x00080160                HardFault_Handler
                0x00080160                TC2_Handler
                0x00080160                USART3_Handler
                0x00080160                TWI1_Handler
                0x00080160                NMI_Handler
                0x00080160                TC7_Handler
                0x00080160                ADC_Handler
                0x00080160                SMC_Handler
                0x00080160                USART0_Handler
                0x00080160                RTT_Handler
                0x00080160                EFC1_Handler
                0x00080160                PIOB_Handler
                0x00080160                RTC_Handler
                0x00080160                UsageFault_Handler
                0x00080160                TC6_Handler
                0x00080160                WDT_Handler
                0x00080160                CAN0_Handler
                0x00080160                TC4_Handler
                0x00080160                TC1_Handler
                0x00080160                HSMCI_Handler
                0x00080160                TC3_Handler
                0x00080160                Dummy_Handler
                0x00080160                TWI0_Handler
                0x00080160                USART1_Handler
                0x00080160                PIOA_Handler
                0x00080160                SSC_Handler
                0x00080160                EFC0_Handler
                0x00080160                PMC_Handler
                0x00080160                PWM_Handler
                0x00080160                CAN1_Handler
                0x00080160                MemManage_Handler
                0x00080160                SUPC_Handler
                0x00080160                TC8_Handler
                0x00080160                USART2_Handler
                0x00080160                PIOD_Handler
                0x00080160                EMAC_Handler
                0x00080160                UART_Handler
                0x00080160                PIOC_Handler
                0x00080160                BusFault_Handler
                0x00080160                RSTC_Handler
                0x00080160                TC0_Handler
                0x00080160                TC5_Handler
                0x00080160                UOTGHS_Handler
                0x00080160                SPI0_Handler
 *fill*         0x00080162        0x2 
 .text.Reset_Handler
                0x00080164       0x6c Device_Startup/startup_sam3xa.o
                0x00080164                Reset_Handler
 .text.SystemInit
                0x000801d0       0xa4 Device_Startup/system_sam3xa.o
                0x000801d0                SystemInit
 .text.SystemCoreClockUpdate
                0x00080274      0x11c Device_Startup/system_sam3xa.o
                0x00080274                SystemCoreClockUpdate
 .text.vListInitialise
                0x00080390       0x16 Drivers/ASF/thirdparty/freertos/freertos-7.3.0/source/list.o
                0x00080390                vListInitialise
 .text.vListInitialiseItem
                0x000803a6        0x6 Drivers/ASF/thirdparty/freertos/freertos-7.3.0/source/list.o
                0x000803a6                vListInitialiseItem
 .text.vListInsertEnd
                0x000803ac       0x1c Drivers/ASF/thirdparty/freertos/freertos-7.3.0/source/list.o
                0x000803ac                vListInsertEnd
 .text.vListInsert
                0x000803c8       0x34 Drivers/ASF/thirdparty/freertos/freertos-7.3.0/source/list.o
                0x000803c8                vListInsert
 .text.uxListRemove
                0x000803fc       0x28 Drivers/ASF/thirdparty/freertos/freertos-7.3.0/source/list.o
                0x000803fc                uxListRemove
 .text.prvPortStartFirstTask
                0x00080424       0x14 Drivers/ASF/thirdparty/freertos/freertos-7.3.0/source/portable/gcc/sam/port.o
 .text.pxPortInitialiseStack
                0x00080438       0x1a Drivers/ASF/thirdparty/freertos/freertos-7.3.0/source/portable/gcc/sam/port.o
                0x00080438                pxPortInitialiseStack
 *fill*         0x00080452        0x2 
 .text.SVC_Handler
                0x00080454       0x20 Drivers/ASF/thirdparty/freertos/freertos-7.3.0/source/portable/gcc/sam/port.o
                0x00080454                SVC_Handler
 .text.vPortYieldFromISR
                0x00080474       0x10 Drivers/ASF/thirdparty/freertos/freertos-7.3.0/source/portable/gcc/sam/port.o
                0x00080474                vPortYieldFromISR
 .text.ulPortSetInterruptMask
                0x00080484       0x10 Drivers/ASF/thirdparty/freertos/freertos-7.3.0/source/portable/gcc/sam/port.o
                0x00080484                ulPortSetInterruptMask
 .text.vPortEnterCritical
                0x00080494       0x18 Drivers/ASF/thirdparty/freertos/freertos-7.3.0/source/portable/gcc/sam/port.o
                0x00080494                vPortEnterCritical
 .text.vPortClearInterruptMask
                0x000804ac        0x6 Drivers/ASF/thirdparty/freertos/freertos-7.3.0/source/portable/gcc/sam/port.o
                0x000804ac                vPortClearInterruptMask
 *fill*         0x000804b2        0x2 
 .text.vPortExitCritical
                0x000804b4       0x20 Drivers/ASF/thirdparty/freertos/freertos-7.3.0/source/portable/gcc/sam/port.o
                0x000804b4                vPortExitCritical
 .text.PendSV_Handler
                0x000804d4       0x3c Drivers/ASF/thirdparty/freertos/freertos-7.3.0/source/portable/gcc/sam/port.o
                0x000804d4                PendSV_Handler
 .text.SysTick_Handler
                0x00080510       0x2c Drivers/ASF/thirdparty/freertos/freertos-7.3.0/source/portable/gcc/sam/port.o
                0x00080510                SysTick_Handler
 .text.vPortSetupTimerInterrupt
                0x0008053c       0x2c Drivers/ASF/thirdparty/freertos/freertos-7.3.0/source/portable/gcc/sam/port.o
                0x0008053c                vPortSetupTimerInterrupt
 .text.xPortStartScheduler
                0x00080568       0x38 Drivers/ASF/thirdparty/freertos/freertos-7.3.0/source/portable/gcc/sam/port.o
                0x00080568                xPortStartScheduler
 .text.prvHeapInit
                0x000805a0       0x44 Drivers/ASF/thirdparty/freertos/freertos-7.3.0/source/portable/memmang/heap_4.o
 .text.prvInsertBlockIntoFreeList
                0x000805e4       0x58 Drivers/ASF/thirdparty/freertos/freertos-7.3.0/source/portable/memmang/heap_4.o
 .text.pvPortMalloc
                0x0008063c       0xb0 Drivers/ASF/thirdparty/freertos/freertos-7.3.0/source/portable/memmang/heap_4.o
                0x0008063c                pvPortMalloc
 .text.vPortFree
                0x000806ec       0x38 Drivers/ASF/thirdparty/freertos/freertos-7.3.0/source/portable/memmang/heap_4.o
                0x000806ec                vPortFree
 .text.prvIsQueueFull
                0x00080724       0x24 Drivers/ASF/thirdparty/freertos/freertos-7.3.0/source/queue.o
 .text.prvIsQueueEmpty
                0x00080748       0x20 Drivers/ASF/thirdparty/freertos/freertos-7.3.0/source/queue.o
 .text.prvCopyDataToQueue
                0x00080768       0x68 Drivers/ASF/thirdparty/freertos/freertos-7.3.0/source/queue.o
 .text.prvCopyDataFromQueue
                0x000807d0       0x28 Drivers/ASF/thirdparty/freertos/freertos-7.3.0/source/queue.o
 .text.prvUnlockQueue
                0x000807f8       0x7c Drivers/ASF/thirdparty/freertos/freertos-7.3.0/source/queue.o
 .text.xQueueGenericReset
                0x00080874       0x80 Drivers/ASF/thirdparty/freertos/freertos-7.3.0/source/queue.o
                0x00080874                xQueueGenericReset
 .text.xQueueGenericCreate
                0x000808f4       0x64 Drivers/ASF/thirdparty/freertos/freertos-7.3.0/source/queue.o
                0x000808f4                xQueueGenericCreate
 .text.xQueueGenericSend
                0x00080958      0x130 Drivers/ASF/thirdparty/freertos/freertos-7.3.0/source/queue.o
                0x00080958                xQueueGenericSend
 .text.xQueueGenericSendFromISR
                0x00080a88       0x9c Drivers/ASF/thirdparty/freertos/freertos-7.3.0/source/queue.o
                0x00080a88                xQueueGenericSendFromISR
 .text.xQueueGenericReceive
                0x00080b24      0x178 Drivers/ASF/thirdparty/freertos/freertos-7.3.0/source/queue.o
                0x00080b24                xQueueGenericReceive
 .text.vQueueWaitForMessageRestricted
                0x00080c9c       0x54 Drivers/ASF/thirdparty/freertos/freertos-7.3.0/source/queue.o
                0x00080c9c                vQueueWaitForMessageRestricted
 .text.prvDeleteTCB
                0x00080cf0       0x14 Drivers/ASF/thirdparty/freertos/freertos-7.3.0/source/tasks.o
 .text.prvAllocateTCBAndStack
                0x00080d04       0x44 Drivers/ASF/thirdparty/freertos/freertos-7.3.0/source/tasks.o
 .text.prvInitialiseTCBVariables
                0x00080d48       0x40 Drivers/ASF/thirdparty/freertos/freertos-7.3.0/source/tasks.o
 .text.prvInitialiseTaskLists
                0x00080d88       0x50 Drivers/ASF/thirdparty/freertos/freertos-7.3.0/source/tasks.o
 .text.prvAddCurrentTaskToDelayedList
                0x00080dd8       0x50 Drivers/ASF/thirdparty/freertos/freertos-7.3.0/source/tasks.o
 .text.xTaskGenericCreate
                0x00080e28      0x154 Drivers/ASF/thirdparty/freertos/freertos-7.3.0/source/tasks.o
                0x00080e28                xTaskGenericCreate
 .text.vTaskStartScheduler
                0x00080f7c       0x6c Drivers/ASF/thirdparty/freertos/freertos-7.3.0/source/tasks.o
                0x00080f7c                vTaskStartScheduler
 .text.vTaskSuspendAll
                0x00080fe8       0x14 Drivers/ASF/thirdparty/freertos/freertos-7.3.0/source/tasks.o
                0x00080fe8                vTaskSuspendAll
 .text.xTaskGetTickCount
                0x00080ffc       0x20 Drivers/ASF/thirdparty/freertos/freertos-7.3.0/source/tasks.o
                0x00080ffc                xTaskGetTickCount
 .text.vTaskIncrementTick
                0x0008101c      0x108 Drivers/ASF/thirdparty/freertos/freertos-7.3.0/source/tasks.o
                0x0008101c                vTaskIncrementTick
 .text.xTaskResumeAll
                0x00081124       0xf8 Drivers/ASF/thirdparty/freertos/freertos-7.3.0/source/tasks.o
                0x00081124                xTaskResumeAll
 .text.vTaskDelayUntil
                0x0008121c       0xa0 Drivers/ASF/thirdparty/freertos/freertos-7.3.0/source/tasks.o
                0x0008121c                vTaskDelayUntil
 .text.prvCheckTasksWaitingTermination
                0x000812bc       0x6c Drivers/ASF/thirdparty/freertos/freertos-7.3.0/source/tasks.o
 .text.prvIdleTask
                0x00081328       0x20 Drivers/ASF/thirdparty/freertos/freertos-7.3.0/source/tasks.o
 .text.vTaskSwitchContext
                0x00081348       0x8c Drivers/ASF/thirdparty/freertos/freertos-7.3.0/source/tasks.o
                0x00081348                vTaskSwitchContext
 .text.vTaskPlaceOnEventList
                0x000813d4       0x60 Drivers/ASF/thirdparty/freertos/freertos-7.3.0/source/tasks.o
                0x000813d4                vTaskPlaceOnEventList
 .text.vTaskPlaceOnEventListRestricted
                0x00081434       0x44 Drivers/ASF/thirdparty/freertos/freertos-7.3.0/source/tasks.o
                0x00081434                vTaskPlaceOnEventListRestricted
 .text.xTaskRemoveFromEventList
                0x00081478       0x80 Drivers/ASF/thirdparty/freertos/freertos-7.3.0/source/tasks.o
                0x00081478                xTaskRemoveFromEventList
 .text.vTaskSetTimeOutState
                0x000814f8       0x24 Drivers/ASF/thirdparty/freertos/freertos-7.3.0/source/tasks.o
                0x000814f8                vTaskSetTimeOutState
 .text.xTaskCheckForTimeOut
                0x0008151c       0x88 Drivers/ASF/thirdparty/freertos/freertos-7.3.0/source/tasks.o
                0x0008151c                xTaskCheckForTimeOut
 .text.vTaskMissedYield
                0x000815a4       0x10 Drivers/ASF/thirdparty/freertos/freertos-7.3.0/source/tasks.o
                0x000815a4                vTaskMissedYield
 .text.xTaskGetCurrentTaskHandle
                0x000815b4        0xc Drivers/ASF/thirdparty/freertos/freertos-7.3.0/source/tasks.o
                0x000815b4                xTaskGetCurrentTaskHandle
 .text.xTaskGetSchedulerState
                0x000815c0       0x20 Drivers/ASF/thirdparty/freertos/freertos-7.3.0/source/tasks.o
                0x000815c0                xTaskGetSchedulerState
 .text.vTaskPriorityInherit
                0x000815e0       0x80 Drivers/ASF/thirdparty/freertos/freertos-7.3.0/source/tasks.o
                0x000815e0                vTaskPriorityInherit
 .text.vTaskPriorityDisinherit
                0x00081660       0x50 Drivers/ASF/thirdparty/freertos/freertos-7.3.0/source/tasks.o
                0x00081660                vTaskPriorityDisinherit
 .text.prvGetNextExpireTime
                0x000816b0       0x20 Drivers/ASF/thirdparty/freertos/freertos-7.3.0/source/timers.o
 .text.prvInsertTimerInActiveList
                0x000816d0       0x48 Drivers/ASF/thirdparty/freertos/freertos-7.3.0/source/timers.o
 .text.prvCheckForValidListAndQueue
                0x00081718       0x4c Drivers/ASF/thirdparty/freertos/freertos-7.3.0/source/timers.o
 .text.xTimerCreateTimerTask
                0x00081764       0x50 Drivers/ASF/thirdparty/freertos/freertos-7.3.0/source/timers.o
                0x00081764                xTimerCreateTimerTask
 .text.xTimerGenericCommand
                0x000817b4       0x60 Drivers/ASF/thirdparty/freertos/freertos-7.3.0/source/timers.o
                0x000817b4                xTimerGenericCommand
 .text.prvSwitchTimerLists
                0x00081814       0x90 Drivers/ASF/thirdparty/freertos/freertos-7.3.0/source/timers.o
 .text.prvSampleTimeNow
                0x000818a4       0x34 Drivers/ASF/thirdparty/freertos/freertos-7.3.0/source/timers.o
 .text.prvProcessExpiredTimer
                0x000818d8       0x68 Drivers/ASF/thirdparty/freertos/freertos-7.3.0/source/timers.o
 .text.prvProcessTimerOrBlockTask
                0x00081940       0x68 Drivers/ASF/thirdparty/freertos/freertos-7.3.0/source/timers.o
 .text.prvProcessReceivedCommands
                0x000819a8       0xc0 Drivers/ASF/thirdparty/freertos/freertos-7.3.0/source/timers.o
 .text.prvTimerTask
                0x00081a68       0x24 Drivers/ASF/thirdparty/freertos/freertos-7.3.0/source/timers.o
 .text.Toggle_Output
                0x00081a8c       0x1e Drivers/Src/PIO_SAM.o
                0x00081a8c                Toggle_Output
 *fill*         0x00081aaa        0x2 
 .text.Set_Duty_Cycle_Synchronous_Channels
                0x00081aac       0x48 Drivers/Src/PWM_SAM.o
                0x00081aac                Set_Duty_Cycle_Synchronous_Channels
 .text.SPI_transfer
                0x00081af4       0x44 Drivers/Src/SPI_SAM.o
                0x00081af4                SPI_transfer
 .text.Task2_task
                0x00081b38       0x2c main.o
 .text.Task1_task
                0x00081b64       0x2c main.o
 .text.main     0x00081b90       0xb4 main.o
                0x00081b90                main
 .text.vApplicationMallocFailedHook
                0x00081c44        0x2 main.o
                0x00081c44                vApplicationMallocFailedHook
 *fill*         0x00081c46        0x2 
 .text.ADC_init
                0x00081c48       0x44 Src/ADC_init_SAM.o
                0x00081c48                ADC_init
 .text.DAC_init
                0x00081c8c       0x80 Src/DAC_init_SAM.o
                0x00081c8c                DAC_init
 .text.PIO_IO_init
                0x00081d0c      0x11e Src/pio_init.o
                0x00081d0c                PIO_IO_init
 *fill*         0x00081e2a        0x2 
 .text.LED_PIO_init
                0x00081e2c       0x5c Src/pio_init.o
                0x00081e2c                LED_PIO_init
 .text.USART_PIO_init
                0x00081e88       0x3c Src/pio_init.o
                0x00081e88                USART_PIO_init
 .text.TWI0_PIO_init
                0x00081ec4       0x3c Src/pio_init.o
                0x00081ec4                TWI0_PIO_init
 .text.PWM_PIO_init
                0x00081f00       0x48 Src/pio_init.o
                0x00081f00                PWM_PIO_init
 .text.SPI_PIO_init
                0x00081f48       0x44 Src/pio_init.o
                0x00081f48                SPI_PIO_init
 .text.ADC_PIO_init
                0x00081f8c       0x30 Src/pio_init.o
                0x00081f8c                ADC_PIO_init
 .text.DAC_PIO_init
                0x00081fbc       0x30 Src/pio_init.o
                0x00081fbc                DAC_PIO_init
 .text.PIO_INIT
                0x00081fec       0x3c Src/pio_init.o
                0x00081fec                PIO_INIT
 .text.PWM_init_FAULT
                0x00082028       0x18 Src/PWM_init_SAM.o
                0x00082028                PWM_init_FAULT
 .text.PWM_init
                0x00082040       0xd4 Src/PWM_init_SAM.o
                0x00082040                PWM_init
 .text.SPI_init
                0x00082114       0x70 Src/SPI_init_SAM.o
                0x00082114                SPI_init
 .text.USART0_init
                0x00082184       0xa0 Src/USART_init_SAM.o
                0x00082184                USART0_init
 .text.__libc_init_array
                0x00082224       0x50 c:/program files (x86)/atmel/studio/7.0/toolchain/arm/arm-gnu-toolchain/bin/../lib/gcc/arm-none-eabi/6.3.1/../../../../arm-none-eabi/lib/thumb/v7-m\libc.a(lib_a-init.o)
                0x00082224                __libc_init_array
 .text          0x00082274       0xec c:/program files (x86)/atmel/studio/7.0/toolchain/arm/arm-gnu-toolchain/bin/../lib/gcc/arm-none-eabi/6.3.1/../../../../arm-none-eabi/lib/thumb/v7-m\libc.a(lib_a-memcpy.o)
                0x00082274                memcpy
 .text.memset   0x00082360       0x9c c:/program files (x86)/atmel/studio/7.0/toolchain/arm/arm-gnu-toolchain/bin/../lib/gcc/arm-none-eabi/6.3.1/../../../../arm-none-eabi/lib/thumb/v7-m\libc.a(lib_a-memset.o)
                0x00082360                memset
 .text.strncpy  0x000823fc       0x64 c:/program files (x86)/atmel/studio/7.0/toolchain/arm/arm-gnu-toolchain/bin/../lib/gcc/arm-none-eabi/6.3.1/../../../../arm-none-eabi/lib/thumb/v7-m\libc.a(lib_a-strncpy.o)
                0x000823fc                strncpy
 .text.startup.register_fini
                0x00082460       0x14 c:/program files (x86)/atmel/studio/7.0/toolchain/arm/arm-gnu-toolchain/bin/../lib/gcc/arm-none-eabi/6.3.1/../../../../arm-none-eabi/lib/thumb/v7-m\libc.a(lib_a-__call_atexit.o)
 .text.atexit   0x00082474        0xc c:/program files (x86)/atmel/studio/7.0/toolchain/arm/arm-gnu-toolchain/bin/../lib/gcc/arm-none-eabi/6.3.1/../../../../arm-none-eabi/lib/thumb/v7-m\libc.a(lib_a-atexit.o)
                0x00082474                atexit
 .text.__libc_fini_array
                0x00082480       0x34 c:/program files (x86)/atmel/studio/7.0/toolchain/arm/arm-gnu-toolchain/bin/../lib/gcc/arm-none-eabi/6.3.1/../../../../arm-none-eabi/lib/thumb/v7-m\libc.a(lib_a-fini.o)
                0x00082480                __libc_fini_array
 .text.__retarget_lock_acquire_recursive
                0x000824b4        0x4 c:/program files (x86)/atmel/studio/7.0/toolchain/arm/arm-gnu-toolchain/bin/../lib/gcc/arm-none-eabi/6.3.1/../../../../arm-none-eabi/lib/thumb/v7-m\libc.a(lib_a-lock.o)
                0x000824b4                __retarget_lock_acquire_recursive
 .text.__retarget_lock_release_recursive
                0x000824b8        0x4 c:/program files (x86)/atmel/studio/7.0/toolchain/arm/arm-gnu-toolchain/bin/../lib/gcc/arm-none-eabi/6.3.1/../../../../arm-none-eabi/lib/thumb/v7-m\libc.a(lib_a-lock.o)
                0x000824b8                __retarget_lock_release_recursive
 .text.__register_exitproc
                0x000824bc       0xc4 c:/program files (x86)/atmel/studio/7.0/toolchain/arm/arm-gnu-toolchain/bin/../lib/gcc/arm-none-eabi/6.3.1/../../../../arm-none-eabi/lib/thumb/v7-m\libc.a(lib_a-__atexit.o)
                0x000824bc                __register_exitproc
 *(.glue_7t)
 .glue_7t       0x00082580        0x0 linker stubs
 *(.glue_7)
 .glue_7        0x00082580        0x0 linker stubs
 *(.rodata .rodata* .gnu.linkonce.r.*)
 .rodata.str1.4
                0x00082580       0x1f Drivers/ASF/thirdparty/freertos/freertos-7.3.0/source/tasks.o
 *fill*         0x0008259f        0x1 
 .rodata.str1.4
                0x000825a0        0x8 Drivers/ASF/thirdparty/freertos/freertos-7.3.0/source/timers.o
 .rodata._global_impure_ptr
                0x000825a8        0x4 c:/program files (x86)/atmel/studio/7.0/toolchain/arm/arm-gnu-toolchain/bin/../lib/gcc/arm-none-eabi/6.3.1/../../../../arm-none-eabi/lib/thumb/v7-m\libc.a(lib_a-impure.o)
                0x000825a8                _global_impure_ptr
 *(.ARM.extab* .gnu.linkonce.armextab.*)
                0x000825ac                . = ALIGN (0x4)
 *(.init)
 .init          0x000825ac        0x4 c:/program files (x86)/atmel/studio/7.0/toolchain/arm/arm-gnu-toolchain/bin/../lib/gcc/arm-none-eabi/6.3.1/thumb/v7-m/crti.o
                0x000825ac                _init
 .init          0x000825b0        0x8 c:/program files (x86)/atmel/studio/7.0/toolchain/arm/arm-gnu-toolchain/bin/../lib/gcc/arm-none-eabi/6.3.1/thumb/v7-m/crtn.o
                0x000825b8                . = ALIGN (0x4)
                0x000825b8                __preinit_array_start = .
 *(.preinit_array)
                0x000825b8                __preinit_array_end = .
                0x000825b8                . = ALIGN (0x4)
                0x000825b8                __init_array_start = .
 *(SORT(.init_array.*))
 .init_array.00000
                0x000825b8        0x4 c:/program files (x86)/atmel/studio/7.0/toolchain/arm/arm-gnu-toolchain/bin/../lib/gcc/arm-none-eabi/6.3.1/../../../../arm-none-eabi/lib/thumb/v7-m\libc.a(lib_a-__call_atexit.o)
 *(.init_array)
 .init_array    0x000825bc        0x4 c:/program files (x86)/atmel/studio/7.0/toolchain/arm/arm-gnu-toolchain/bin/../lib/gcc/arm-none-eabi/6.3.1/thumb/v7-m/crtbegin.o
                0x000825c0                __init_array_end = .
                0x000825c0                . = ALIGN (0x4)
 *crtbegin.o(.ctors)
 *(EXCLUDE_FILE(*crtend.o) .ctors)
 *(SORT(.ctors.*))
 *crtend.o(.ctors)
                0x000825c0                . = ALIGN (0x4)
 *(.fini)
 .fini          0x000825c0        0x4 c:/program files (x86)/atmel/studio/7.0/toolchain/arm/arm-gnu-toolchain/bin/../lib/gcc/arm-none-eabi/6.3.1/thumb/v7-m/crti.o
                0x000825c0                _fini
 .fini          0x000825c4        0x8 c:/program files (x86)/atmel/studio/7.0/toolchain/arm/arm-gnu-toolchain/bin/../lib/gcc/arm-none-eabi/6.3.1/thumb/v7-m/crtn.o
                0x000825cc                . = ALIGN (0x4)
                0x000825cc                __fini_array_start = .
 *(.fini_array)
 .fini_array    0x000825cc        0x4 c:/program files (x86)/atmel/studio/7.0/toolchain/arm/arm-gnu-toolchain/bin/../lib/gcc/arm-none-eabi/6.3.1/thumb/v7-m/crtbegin.o
 *(SORT(.fini_array.*))
                0x000825d0                __fini_array_end = .
 *crtbegin.o(.dtors)
 *(EXCLUDE_FILE(*crtend.o) .dtors)
 *(SORT(.dtors.*))
 *crtend.o(.dtors)
                0x000825d0                . = ALIGN (0x4)
                0x000825d0                _efixed = .
                [!provide]                PROVIDE (__exidx_start, .)

.vfp11_veneer   0x000825d0        0x0
 .vfp11_veneer  0x000825d0        0x0 linker stubs

.v4_bx          0x000825d0        0x0
 .v4_bx         0x000825d0        0x0 linker stubs

.iplt           0x000825d0        0x0
 .iplt          0x000825d0        0x0 c:/program files (x86)/atmel/studio/7.0/toolchain/arm/arm-gnu-toolchain/bin/../lib/gcc/arm-none-eabi/6.3.1/thumb/v7-m/crtbegin.o

.eh_frame       0x000825d0        0x0
 .eh_frame      0x000825d0        0x0 c:/program files (x86)/atmel/studio/7.0/toolchain/arm/arm-gnu-toolchain/bin/../lib/gcc/arm-none-eabi/6.3.1/thumb/v7-m/crtbegin.o

.rel.dyn        0x000825d0        0x0
 .rel.iplt      0x000825d0        0x0 c:/program files (x86)/atmel/studio/7.0/toolchain/arm/arm-gnu-toolchain/bin/../lib/gcc/arm-none-eabi/6.3.1/thumb/v7-m/crtbegin.o

.jcr            0x000825d0        0x0
 .jcr           0x000825d0        0x0 c:/program files (x86)/atmel/studio/7.0/toolchain/arm/arm-gnu-toolchain/bin/../lib/gcc/arm-none-eabi/6.3.1/thumb/v7-m/crtbegin.o

.igot.plt       0x000825d0        0x0
 .igot.plt      0x000825d0        0x0 c:/program files (x86)/atmel/studio/7.0/toolchain/arm/arm-gnu-toolchain/bin/../lib/gcc/arm-none-eabi/6.3.1/thumb/v7-m/crtbegin.o

.ARM.exidx
 *(.ARM.exidx* .gnu.linkonce.armexidx.*)
                [!provide]                PROVIDE (__exidx_end, .)
                0x000825d0                . = ALIGN (0x4)
                0x000825d0                _etext = .

.relocate       0x20000000      0x43c load address 0x000825d0
                0x20000000                . = ALIGN (0x4)
                0x20000000                _srelocate = .
 *(.ramfunc .ramfunc.*)
 *(.data .data.*)
 .data          0x20000000        0x4 Device_Startup/system_sam3xa.o
                0x20000000                SystemCoreClock
 .data          0x20000004        0x4 Drivers/ASF/thirdparty/freertos/freertos-7.3.0/source/portable/gcc/sam/port.o
 .data          0x20000008        0x4 Drivers/ASF/thirdparty/freertos/freertos-7.3.0/source/portable/memmang/heap_4.o
 .data          0x2000000c        0x4 Drivers/ASF/thirdparty/freertos/freertos-7.3.0/source/tasks.o
 .data.impure_data
                0x20000010      0x428 c:/program files (x86)/atmel/studio/7.0/toolchain/arm/arm-gnu-toolchain/bin/../lib/gcc/arm-none-eabi/6.3.1/../../../../arm-none-eabi/lib/thumb/v7-m\libc.a(lib_a-impure.o)
 .data.__atexit_recursive_mutex
                0x20000438        0x4 c:/program files (x86)/atmel/studio/7.0/toolchain/arm/arm-gnu-toolchain/bin/../lib/gcc/arm-none-eabi/6.3.1/../../../../arm-none-eabi/lib/thumb/v7-m\libc.a(lib_a-__call_atexit.o)
                0x20000438                __atexit_recursive_mutex
                0x2000043c                . = ALIGN (0x4)
                0x2000043c                _erelocate = .

.bss            0x20000440     0xa1b8 load address 0x00082a10
                0x20000440                . = ALIGN (0x4)
                0x20000440                _sbss = .
                0x20000440                _szero = .
 *(.bss .bss.*)
 .bss           0x20000440       0x1c c:/program files (x86)/atmel/studio/7.0/toolchain/arm/arm-gnu-toolchain/bin/../lib/gcc/arm-none-eabi/6.3.1/thumb/v7-m/crtbegin.o
 *fill*         0x2000045c        0x4 
 .bss           0x20000460     0xa00c Drivers/ASF/thirdparty/freertos/freertos-7.3.0/source/portable/memmang/heap_4.o
 .bss           0x2000a46c      0x128 Drivers/ASF/thirdparty/freertos/freertos-7.3.0/source/tasks.o
                0x2000a53c                pxCurrentTCB
 .bss           0x2000a594       0x38 Drivers/ASF/thirdparty/freertos/freertos-7.3.0/source/timers.o
 *(COMMON)
 COMMON         0x2000a5cc        0x8 main.o
                0x2000a5cc                Task1_id
                0x2000a5d0                Task2_id
 COMMON         0x2000a5d4       0x21 c:/program files (x86)/atmel/studio/7.0/toolchain/arm/arm-gnu-toolchain/bin/../lib/gcc/arm-none-eabi/6.3.1/../../../../arm-none-eabi/lib/thumb/v7-m\libc.a(lib_a-lock.o)
                0x2000a5d4                __lock___atexit_recursive_mutex
                0x2000a5d8                __lock___arc4random_mutex
                0x2000a5dc                __lock___env_recursive_mutex
                0x2000a5e0                __lock___sinit_recursive_mutex
                0x2000a5e4                __lock___malloc_recursive_mutex
                0x2000a5e8                __lock___at_quick_exit_mutex
                0x2000a5ec                __lock___dd_hash_mutex
                0x2000a5f0                __lock___tz_mutex
                0x2000a5f4                __lock___sfp_recursive_mutex
                0x2000a5f8                . = ALIGN (0x4)
 *fill*         0x2000a5f5        0x3 
                0x2000a5f8                _ebss = .
                0x2000a5f8                _ezero = .

.stack          0x2000a5f8      0x400 load address 0x0008cbc8
                0x2000a5f8                . = ALIGN (0x8)
                0x2000a5f8                _sstack = .
                0x2000a9f8                . = (. + STACK_SIZE)
 *fill*         0x2000a5f8      0x400 
                0x2000a9f8                . = ALIGN (0x8)
                0x2000a9f8                _estack = .

.heap           0x2000a9f8      0x200 load address 0x0008cfc8
                0x2000a9f8                . = ALIGN (0x8)
                0x2000a9f8                _sheap = .
                0x2000abf8                . = (. + HEAP_SIZE)
 *fill*         0x2000a9f8      0x200 
                0x2000abf8                . = ALIGN (0x8)
                0x2000abf8                _eheap = .
                0x2000abf8                . = ALIGN (0x4)
                0x2000abf8                _end = .
                0x20017fff                _ram_end_ = ((ORIGIN (ram) + LENGTH (ram)) - 0x1)
OUTPUT(SAM3X_Test.elf elf32-littlearm)

.ARM.attributes
                0x00000000       0x29
 .ARM.attributes
                0x00000000       0x1d c:/program files (x86)/atmel/studio/7.0/toolchain/arm/arm-gnu-toolchain/bin/../lib/gcc/arm-none-eabi/6.3.1/thumb/v7-m/crti.o
 .ARM.attributes
                0x0000001d       0x2d c:/program files (x86)/atmel/studio/7.0/toolchain/arm/arm-gnu-toolchain/bin/../lib/gcc/arm-none-eabi/6.3.1/thumb/v7-m/crtbegin.o
 .ARM.attributes
                0x0000004a       0x33 Device_Startup/startup_sam3xa.o
 .ARM.attributes
                0x0000007d       0x33 Device_Startup/system_sam3xa.o
 .ARM.attributes
                0x000000b0       0x33 Drivers/ASF/thirdparty/freertos/freertos-7.3.0/source/list.o
 .ARM.attributes
                0x000000e3       0x33 Drivers/ASF/thirdparty/freertos/freertos-7.3.0/source/portable/gcc/sam/port.o
 .ARM.attributes
                0x00000116       0x33 Drivers/ASF/thirdparty/freertos/freertos-7.3.0/source/portable/memmang/heap_4.o
 .ARM.attributes
                0x00000149       0x33 Drivers/ASF/thirdparty/freertos/freertos-7.3.0/source/queue.o
 .ARM.attributes
                0x0000017c       0x33 Drivers/ASF/thirdparty/freertos/freertos-7.3.0/source/tasks.o
 .ARM.attributes
                0x000001af       0x33 Drivers/ASF/thirdparty/freertos/freertos-7.3.0/source/timers.o
 .ARM.attributes
                0x000001e2       0x33 Drivers/Src/PIO_SAM.o
 .ARM.attributes
                0x00000215       0x33 Drivers/Src/PWM_SAM.o
 .ARM.attributes
                0x00000248       0x33 Drivers/Src/SPI_SAM.o
 .ARM.attributes
                0x0000027b       0x33 main.o
 .ARM.attributes
                0x000002ae       0x33 Src/ADC_init_SAM.o
 .ARM.attributes
                0x000002e1       0x33 Src/DAC_init_SAM.o
 .ARM.attributes
                0x00000314       0x33 Src/pio_init.o
 .ARM.attributes
                0x00000347       0x33 Src/PWM_init_SAM.o
 .ARM.attributes
                0x0000037a       0x33 Src/SPI_init_SAM.o
 .ARM.attributes
                0x000003ad       0x33 Src/USART_init_SAM.o
 .ARM.attributes
                0x000003e0       0x2d c:/program files (x86)/atmel/studio/7.0/toolchain/arm/arm-gnu-toolchain/bin/../lib/gcc/arm-none-eabi/6.3.1/../../../../arm-none-eabi/lib/thumb/v7-m\libc.a(lib_a-impure.o)
 .ARM.attributes
                0x0000040d       0x2d c:/program files (x86)/atmel/studio/7.0/toolchain/arm/arm-gnu-toolchain/bin/../lib/gcc/arm-none-eabi/6.3.1/../../../../arm-none-eabi/lib/thumb/v7-m\libc.a(lib_a-init.o)
 .ARM.attributes
                0x0000043a       0x1b c:/program files (x86)/atmel/studio/7.0/toolchain/arm/arm-gnu-toolchain/bin/../lib/gcc/arm-none-eabi/6.3.1/../../../../arm-none-eabi/lib/thumb/v7-m\libc.a(lib_a-memcpy.o)
 .ARM.attributes
                0x00000455       0x2d c:/program files (x86)/atmel/studio/7.0/toolchain/arm/arm-gnu-toolchain/bin/../lib/gcc/arm-none-eabi/6.3.1/../../../../arm-none-eabi/lib/thumb/v7-m\libc.a(lib_a-memset.o)
 .ARM.attributes
                0x00000482       0x2d c:/program files (x86)/atmel/studio/7.0/toolchain/arm/arm-gnu-toolchain/bin/../lib/gcc/arm-none-eabi/6.3.1/../../../../arm-none-eabi/lib/thumb/v7-m\libc.a(lib_a-strncpy.o)
 .ARM.attributes
                0x000004af       0x2d c:/program files (x86)/atmel/studio/7.0/toolchain/arm/arm-gnu-toolchain/bin/../lib/gcc/arm-none-eabi/6.3.1/../../../../arm-none-eabi/lib/thumb/v7-m\libc.a(lib_a-__call_atexit.o)
 .ARM.attributes
                0x000004dc       0x2d c:/program files (x86)/atmel/studio/7.0/toolchain/arm/arm-gnu-toolchain/bin/../lib/gcc/arm-none-eabi/6.3.1/../../../../arm-none-eabi/lib/thumb/v7-m\libc.a(lib_a-atexit.o)
 .ARM.attributes
                0x00000509       0x2d c:/program files (x86)/atmel/studio/7.0/toolchain/arm/arm-gnu-toolchain/bin/../lib/gcc/arm-none-eabi/6.3.1/../../../../arm-none-eabi/lib/thumb/v7-m\libc.a(lib_a-fini.o)
 .ARM.attributes
                0x00000536       0x2d c:/program files (x86)/atmel/studio/7.0/toolchain/arm/arm-gnu-toolchain/bin/../lib/gcc/arm-none-eabi/6.3.1/../../../../arm-none-eabi/lib/thumb/v7-m\libc.a(lib_a-lock.o)
 .ARM.attributes
                0x00000563       0x2d c:/program files (x86)/atmel/studio/7.0/toolchain/arm/arm-gnu-toolchain/bin/../lib/gcc/arm-none-eabi/6.3.1/../../../../arm-none-eabi/lib/thumb/v7-m\libc.a(lib_a-__atexit.o)
 .ARM.attributes
                0x00000590       0x1d c:/program files (x86)/atmel/studio/7.0/toolchain/arm/arm-gnu-toolchain/bin/../lib/gcc/arm-none-eabi/6.3.1/thumb/v7-m/crtn.o

.comment        0x00000000       0x59
 .comment       0x00000000       0x59 Device_Startup/startup_sam3xa.o
                                 0x5a (size before relaxing)
 .comment       0x00000059       0x5a Device_Startup/system_sam3xa.o
 .comment       0x00000059       0x5a Drivers/ASF/thirdparty/freertos/freertos-7.3.0/source/list.o
 .comment       0x00000059       0x5a Drivers/ASF/thirdparty/freertos/freertos-7.3.0/source/portable/gcc/sam/port.o
 .comment       0x00000059       0x5a Drivers/ASF/thirdparty/freertos/freertos-7.3.0/source/portable/memmang/heap_4.o
 .comment       0x00000059       0x5a Drivers/ASF/thirdparty/freertos/freertos-7.3.0/source/queue.o
 .comment       0x00000059       0x5a Drivers/ASF/thirdparty/freertos/freertos-7.3.0/source/tasks.o
 .comment       0x00000059       0x5a Drivers/ASF/thirdparty/freertos/freertos-7.3.0/source/timers.o
 .comment       0x00000059       0x5a Drivers/Src/PIO_SAM.o
 .comment       0x00000059       0x5a Drivers/Src/PWM_SAM.o
 .comment       0x00000059       0x5a Drivers/Src/SPI_SAM.o
 .comment       0x00000059       0x5a main.o
 .comment       0x00000059       0x5a Src/ADC_init_SAM.o
 .comment       0x00000059       0x5a Src/DAC_init_SAM.o
 .comment       0x00000059       0x5a Src/pio_init.o
 .comment       0x00000059       0x5a Src/PWM_init_SAM.o
 .comment       0x00000059       0x5a Src/SPI_init_SAM.o
 .comment       0x00000059       0x5a Src/USART_init_SAM.o

.debug_info     0x00000000     0xa986
 .debug_info    0x00000000      0x74e Device_Startup/startup_sam3xa.o
 .debug_info    0x0000074e      0x444 Device_Startup/system_sam3xa.o
 .debug_info    0x00000b92      0xbe0 Drivers/ASF/thirdparty/freertos/freertos-7.3.0/source/list.o
 .debug_info    0x00001772      0x2cc Drivers/ASF/thirdparty/freertos/freertos-7.3.0/source/portable/gcc/sam/port.o
 .debug_info    0x00001a3e      0xc97 Drivers/ASF/thirdparty/freertos/freertos-7.3.0/source/portable/memmang/heap_4.o
 .debug_info    0x000026d5     0x1b6f Drivers/ASF/thirdparty/freertos/freertos-7.3.0/source/queue.o
 .debug_info    0x00004244     0x2381 Drivers/ASF/thirdparty/freertos/freertos-7.3.0/source/tasks.o
 .debug_info    0x000065c5      0xcb3 Drivers/ASF/thirdparty/freertos/freertos-7.3.0/source/timers.o
 .debug_info    0x00007278      0x4c2 Drivers/Src/PIO_SAM.o
 .debug_info    0x0000773a      0x1f3 Drivers/Src/PWM_SAM.o
 .debug_info    0x0000792d      0x20b Drivers/Src/SPI_SAM.o
 .debug_info    0x00007b38      0x881 main.o
 .debug_info    0x000083b9      0x5ad Src/ADC_init_SAM.o
 .debug_info    0x00008966      0x548 Src/DAC_init_SAM.o
 .debug_info    0x00008eae      0xa69 Src/pio_init.o
 .debug_info    0x00009917      0x8cd Src/PWM_init_SAM.o
 .debug_info    0x0000a1e4      0x45c Src/SPI_init_SAM.o
 .debug_info    0x0000a640      0x346 Src/USART_init_SAM.o

.debug_abbrev   0x00000000     0x1b8e
 .debug_abbrev  0x00000000      0x153 Device_Startup/startup_sam3xa.o
 .debug_abbrev  0x00000153      0x102 Device_Startup/system_sam3xa.o
 .debug_abbrev  0x00000255      0x221 Drivers/ASF/thirdparty/freertos/freertos-7.3.0/source/list.o
 .debug_abbrev  0x00000476      0x1db Drivers/ASF/thirdparty/freertos/freertos-7.3.0/source/portable/gcc/sam/port.o
 .debug_abbrev  0x00000651      0x302 Drivers/ASF/thirdparty/freertos/freertos-7.3.0/source/portable/memmang/heap_4.o
 .debug_abbrev  0x00000953      0x2f5 Drivers/ASF/thirdparty/freertos/freertos-7.3.0/source/queue.o
 .debug_abbrev  0x00000c48      0x34f Drivers/ASF/thirdparty/freertos/freertos-7.3.0/source/tasks.o
 .debug_abbrev  0x00000f97      0x1f1 Drivers/ASF/thirdparty/freertos/freertos-7.3.0/source/timers.o
 .debug_abbrev  0x00001188       0xf5 Drivers/Src/PIO_SAM.o
 .debug_abbrev  0x0000127d       0xf0 Drivers/Src/PWM_SAM.o
 .debug_abbrev  0x0000136d       0xce Drivers/Src/SPI_SAM.o
 .debug_abbrev  0x0000143b      0x1df main.o
 .debug_abbrev  0x0000161a       0xbf Src/ADC_init_SAM.o
 .debug_abbrev  0x000016d9       0xce Src/DAC_init_SAM.o
 .debug_abbrev  0x000017a7      0x133 Src/pio_init.o
 .debug_abbrev  0x000018da      0x127 Src/PWM_init_SAM.o
 .debug_abbrev  0x00001a01       0xcc Src/SPI_init_SAM.o
 .debug_abbrev  0x00001acd       0xc1 Src/USART_init_SAM.o

.debug_loc      0x00000000     0x3d26
 .debug_loc     0x00000000       0x78 Device_Startup/startup_sam3xa.o
 .debug_loc     0x00000078       0x9c Drivers/ASF/thirdparty/freertos/freertos-7.3.0/source/list.o
 .debug_loc     0x00000114      0x100 Drivers/ASF/thirdparty/freertos/freertos-7.3.0/source/portable/gcc/sam/port.o
 .debug_loc     0x00000214      0x2ad Drivers/ASF/thirdparty/freertos/freertos-7.3.0/source/portable/memmang/heap_4.o
 .debug_loc     0x000004c1     0x11bb Drivers/ASF/thirdparty/freertos/freertos-7.3.0/source/queue.o
 .debug_loc     0x0000167c     0x16a0 Drivers/ASF/thirdparty/freertos/freertos-7.3.0/source/tasks.o
 .debug_loc     0x00002d1c      0xba0 Drivers/ASF/thirdparty/freertos/freertos-7.3.0/source/timers.o
 .debug_loc     0x000038bc       0x3a Drivers/Src/PIO_SAM.o
 .debug_loc     0x000038f6       0x94 Drivers/Src/PWM_SAM.o
 .debug_loc     0x0000398a       0x2c Drivers/Src/SPI_SAM.o
 .debug_loc     0x000039b6      0x110 main.o
 .debug_loc     0x00003ac6       0x2c Src/DAC_init_SAM.o
 .debug_loc     0x00003af2      0x1c8 Src/pio_init.o
 .debug_loc     0x00003cba       0x40 Src/PWM_init_SAM.o
 .debug_loc     0x00003cfa       0x2c Src/USART_init_SAM.o

.debug_aranges  0x00000000      0x5e8
 .debug_aranges
                0x00000000       0x28 Device_Startup/startup_sam3xa.o
 .debug_aranges
                0x00000028       0x30 Device_Startup/system_sam3xa.o
 .debug_aranges
                0x00000058       0x40 Drivers/ASF/thirdparty/freertos/freertos-7.3.0/source/list.o
 .debug_aranges
                0x00000098       0x80 Drivers/ASF/thirdparty/freertos/freertos-7.3.0/source/portable/gcc/sam/port.o
 .debug_aranges
                0x00000118       0x48 Drivers/ASF/thirdparty/freertos/freertos-7.3.0/source/portable/memmang/heap_4.o
 .debug_aranges
                0x00000160       0xe8 Drivers/ASF/thirdparty/freertos/freertos-7.3.0/source/queue.o
 .debug_aranges
                0x00000248      0x160 Drivers/ASF/thirdparty/freertos/freertos-7.3.0/source/tasks.o
 .debug_aranges
                0x000003a8       0x88 Drivers/ASF/thirdparty/freertos/freertos-7.3.0/source/timers.o
 .debug_aranges
                0x00000430       0x20 Drivers/Src/PIO_SAM.o
 .debug_aranges
                0x00000450       0x28 Drivers/Src/PWM_SAM.o
 .debug_aranges
                0x00000478       0x20 Drivers/Src/SPI_SAM.o
 .debug_aranges
                0x00000498       0x40 main.o
 .debug_aranges
                0x000004d8       0x20 Src/ADC_init_SAM.o
 .debug_aranges
                0x000004f8       0x20 Src/DAC_init_SAM.o
 .debug_aranges
                0x00000518       0x60 Src/pio_init.o
 .debug_aranges
                0x00000578       0x30 Src/PWM_init_SAM.o
 .debug_aranges
                0x000005a8       0x20 Src/SPI_init_SAM.o
 .debug_aranges
                0x000005c8       0x20 Src/USART_init_SAM.o

.debug_ranges   0x00000000      0x528
 .debug_ranges  0x00000000       0x18 Device_Startup/startup_sam3xa.o
 .debug_ranges  0x00000018       0x20 Device_Startup/system_sam3xa.o
 .debug_ranges  0x00000038       0x30 Drivers/ASF/thirdparty/freertos/freertos-7.3.0/source/list.o
 .debug_ranges  0x00000068       0x70 Drivers/ASF/thirdparty/freertos/freertos-7.3.0/source/portable/gcc/sam/port.o
 .debug_ranges  0x000000d8       0x38 Drivers/ASF/thirdparty/freertos/freertos-7.3.0/source/portable/memmang/heap_4.o
 .debug_ranges  0x00000110       0xd8 Drivers/ASF/thirdparty/freertos/freertos-7.3.0/source/queue.o
 .debug_ranges  0x000001e8      0x1b0 Drivers/ASF/thirdparty/freertos/freertos-7.3.0/source/tasks.o
 .debug_ranges  0x00000398       0x78 Drivers/ASF/thirdparty/freertos/freertos-7.3.0/source/timers.o
 .debug_ranges  0x00000410       0x10 Drivers/Src/PIO_SAM.o
 .debug_ranges  0x00000420       0x18 Drivers/Src/PWM_SAM.o
 .debug_ranges  0x00000438       0x10 Drivers/Src/SPI_SAM.o
 .debug_ranges  0x00000448       0x30 main.o
 .debug_ranges  0x00000478       0x10 Src/ADC_init_SAM.o
 .debug_ranges  0x00000488       0x10 Src/DAC_init_SAM.o
 .debug_ranges  0x00000498       0x50 Src/pio_init.o
 .debug_ranges  0x000004e8       0x20 Src/PWM_init_SAM.o
 .debug_ranges  0x00000508       0x10 Src/SPI_init_SAM.o
 .debug_ranges  0x00000518       0x10 Src/USART_init_SAM.o

.debug_macro    0x00000000    0x13c7b
 .debug_macro   0x00000000      0x371 Device_Startup/startup_sam3xa.o
 .debug_macro   0x00000371      0x8bc Device_Startup/startup_sam3xa.o
 .debug_macro   0x00000c2d       0x22 Device_Startup/startup_sam3xa.o
 .debug_macro   0x00000c4f       0x87 Device_Startup/startup_sam3xa.o
 .debug_macro   0x00000cd6       0x51 Device_Startup/startup_sam3xa.o
 .debug_macro   0x00000d27       0xef Device_Startup/startup_sam3xa.o
 .debug_macro   0x00000e16       0x6a Device_Startup/startup_sam3xa.o
 .debug_macro   0x00000e80      0x1df Device_Startup/startup_sam3xa.o
 .debug_macro   0x0000105f       0x20 Device_Startup/startup_sam3xa.o
 .debug_macro   0x0000107f       0x1c Device_Startup/startup_sam3xa.o
 .debug_macro   0x0000109b       0x22 Device_Startup/startup_sam3xa.o
 .debug_macro   0x000010bd       0xc3 Device_Startup/startup_sam3xa.o
 .debug_macro   0x00001180      0xe49 Device_Startup/startup_sam3xa.o
 .debug_macro   0x00001fc9      0x11f Device_Startup/startup_sam3xa.o
 .debug_macro   0x000020e8      0xa7d Device_Startup/startup_sam3xa.o
 .debug_macro   0x00002b65      0x55a Device_Startup/startup_sam3xa.o
 .debug_macro   0x000030bf      0x1a8 Device_Startup/startup_sam3xa.o
 .debug_macro   0x00003267      0x30b Device_Startup/startup_sam3xa.o
 .debug_macro   0x00003572      0x709 Device_Startup/startup_sam3xa.o
 .debug_macro   0x00003c7b       0xd6 Device_Startup/startup_sam3xa.o
 .debug_macro   0x00003d51      0x56c Device_Startup/startup_sam3xa.o
 .debug_macro   0x000042bd       0x1c Device_Startup/startup_sam3xa.o
 .debug_macro   0x000042d9      0x678 Device_Startup/startup_sam3xa.o
 .debug_macro   0x00004951      0x51e Device_Startup/startup_sam3xa.o
 .debug_macro   0x00004e6f       0xbe Device_Startup/startup_sam3xa.o
 .debug_macro   0x00004f2d     0x2333 Device_Startup/startup_sam3xa.o
 .debug_macro   0x00007260      0x7d1 Device_Startup/startup_sam3xa.o
 .debug_macro   0x00007a31      0xdbb Device_Startup/startup_sam3xa.o
 .debug_macro   0x000087ec       0x9a Device_Startup/startup_sam3xa.o
 .debug_macro   0x00008886      0x29c Device_Startup/startup_sam3xa.o
 .debug_macro   0x00008b22       0x58 Device_Startup/startup_sam3xa.o
 .debug_macro   0x00008b7a      0x999 Device_Startup/startup_sam3xa.o
 .debug_macro   0x00009513      0x22d Device_Startup/startup_sam3xa.o
 .debug_macro   0x00009740      0x4b4 Device_Startup/startup_sam3xa.o
 .debug_macro   0x00009bf4      0x64a Device_Startup/startup_sam3xa.o
 .debug_macro   0x0000a23e      0x590 Device_Startup/startup_sam3xa.o
 .debug_macro   0x0000a7ce       0x46 Device_Startup/startup_sam3xa.o
 .debug_macro   0x0000a814      0x33f Device_Startup/startup_sam3xa.o
 .debug_macro   0x0000ab53      0x27e Device_Startup/startup_sam3xa.o
 .debug_macro   0x0000add1     0x14dc Device_Startup/startup_sam3xa.o
 .debug_macro   0x0000c2ad      0x7cf Device_Startup/startup_sam3xa.o
 .debug_macro   0x0000ca7c       0x76 Device_Startup/startup_sam3xa.o
 .debug_macro   0x0000caf2       0x82 Device_Startup/startup_sam3xa.o
 .debug_macro   0x0000cb74       0x76 Device_Startup/startup_sam3xa.o
 .debug_macro   0x0000cbea       0x4c Device_Startup/startup_sam3xa.o
 .debug_macro   0x0000cc36      0x100 Device_Startup/startup_sam3xa.o
 .debug_macro   0x0000cd36      0x100 Device_Startup/startup_sam3xa.o
 .debug_macro   0x0000ce36      0x100 Device_Startup/startup_sam3xa.o
 .debug_macro   0x0000cf36       0x88 Device_Startup/startup_sam3xa.o
 .debug_macro   0x0000cfbe       0x88 Device_Startup/startup_sam3xa.o
 .debug_macro   0x0000d046      0x3b4 Device_Startup/startup_sam3xa.o
 .debug_macro   0x0000d3fa       0xbe Device_Startup/startup_sam3xa.o
 .debug_macro   0x0000d4b8       0xbe Device_Startup/startup_sam3xa.o
 .debug_macro   0x0000d576       0xbe Device_Startup/startup_sam3xa.o
 .debug_macro   0x0000d634       0xbe Device_Startup/startup_sam3xa.o
 .debug_macro   0x0000d6f2      0x2b8 Device_Startup/startup_sam3xa.o
 .debug_macro   0x0000d9aa      0x118 Device_Startup/startup_sam3xa.o
 .debug_macro   0x0000dac2      0x216 Device_Startup/startup_sam3xa.o
 .debug_macro   0x0000dcd8      0x216 Device_Startup/startup_sam3xa.o
 .debug_macro   0x0000deee       0x2e Device_Startup/startup_sam3xa.o
 .debug_macro   0x0000df1c       0xac Device_Startup/startup_sam3xa.o
 .debug_macro   0x0000dfc8      0x13e Device_Startup/startup_sam3xa.o
 .debug_macro   0x0000e106       0x7c Device_Startup/startup_sam3xa.o
 .debug_macro   0x0000e182      0x1f6 Device_Startup/startup_sam3xa.o
 .debug_macro   0x0000e378       0x64 Device_Startup/startup_sam3xa.o
 .debug_macro   0x0000e3dc       0xa6 Device_Startup/startup_sam3xa.o
 .debug_macro   0x0000e482       0x7c Device_Startup/startup_sam3xa.o
 .debug_macro   0x0000e4fe       0x16 Device_Startup/startup_sam3xa.o
 .debug_macro   0x0000e514       0x22 Device_Startup/startup_sam3xa.o
 .debug_macro   0x0000e536       0x22 Device_Startup/startup_sam3xa.o
 .debug_macro   0x0000e558      0x10c Device_Startup/startup_sam3xa.o
 .debug_macro   0x0000e664      0x10c Device_Startup/startup_sam3xa.o
 .debug_macro   0x0000e770      0x10c Device_Startup/startup_sam3xa.o
 .debug_macro   0x0000e87c      0x10c Device_Startup/startup_sam3xa.o
 .debug_macro   0x0000e988       0x1c Device_Startup/startup_sam3xa.o
 .debug_macro   0x0000e9a4       0x2e Device_Startup/startup_sam3xa.o
 .debug_macro   0x0000e9d2       0x22 Device_Startup/startup_sam3xa.o
 .debug_macro   0x0000e9f4       0x1c Device_Startup/startup_sam3xa.o
 .debug_macro   0x0000ea10       0x58 Device_Startup/startup_sam3xa.o
 .debug_macro   0x0000ea68       0x10 Device_Startup/startup_sam3xa.o
 .debug_macro   0x0000ea78      0x27a Device_Startup/startup_sam3xa.o
 .debug_macro   0x0000ecf2      0xd34 Device_Startup/startup_sam3xa.o
 .debug_macro   0x0000fa26      0x170 Device_Startup/startup_sam3xa.o
 .debug_macro   0x0000fb96      0x383 Device_Startup/system_sam3xa.o
 .debug_macro   0x0000ff19      0x189 Drivers/ASF/thirdparty/freertos/freertos-7.3.0/source/list.o
 .debug_macro   0x000100a2       0x16 Drivers/ASF/thirdparty/freertos/freertos-7.3.0/source/list.o
 .debug_macro   0x000100b8      0x10e Drivers/ASF/thirdparty/freertos/freertos-7.3.0/source/list.o
 .debug_macro   0x000101c6       0x86 Drivers/ASF/thirdparty/freertos/freertos-7.3.0/source/list.o
 .debug_macro   0x0001024c       0x16 Drivers/ASF/thirdparty/freertos/freertos-7.3.0/source/list.o
 .debug_macro   0x00010262       0x29 Drivers/ASF/thirdparty/freertos/freertos-7.3.0/source/list.o
 .debug_macro   0x0001028b      0x13e Drivers/ASF/thirdparty/freertos/freertos-7.3.0/source/portable/gcc/sam/port.o
 .debug_macro   0x000103c9      0x1aa Drivers/ASF/thirdparty/freertos/freertos-7.3.0/source/portable/memmang/heap_4.o
 .debug_macro   0x00010573      0x232 Drivers/ASF/thirdparty/freertos/freertos-7.3.0/source/queue.o
 .debug_macro   0x000107a5       0x16 Drivers/ASF/thirdparty/freertos/freertos-7.3.0/source/queue.o
 .debug_macro   0x000107bb      0x2f8 Drivers/ASF/thirdparty/freertos/freertos-7.3.0/source/tasks.o
 .debug_macro   0x00010ab3       0x16 Drivers/ASF/thirdparty/freertos/freertos-7.3.0/source/tasks.o
 .debug_macro   0x00010ac9       0x97 Drivers/ASF/thirdparty/freertos/freertos-7.3.0/source/tasks.o
 .debug_macro   0x00010b60       0xf6 Drivers/ASF/thirdparty/freertos/freertos-7.3.0/source/tasks.o
 .debug_macro   0x00010c56       0x10 Drivers/ASF/thirdparty/freertos/freertos-7.3.0/source/tasks.o
 .debug_macro   0x00010c66       0x10 Drivers/ASF/thirdparty/freertos/freertos-7.3.0/source/tasks.o
 .debug_macro   0x00010c76       0x1c Drivers/ASF/thirdparty/freertos/freertos-7.3.0/source/tasks.o
 .debug_macro   0x00010c92       0x52 Drivers/ASF/thirdparty/freertos/freertos-7.3.0/source/tasks.o
 .debug_macro   0x00010ce4       0x40 Drivers/ASF/thirdparty/freertos/freertos-7.3.0/source/tasks.o
 .debug_macro   0x00010d24       0x10 Drivers/ASF/thirdparty/freertos/freertos-7.3.0/source/tasks.o
 .debug_macro   0x00010d34       0x40 Drivers/ASF/thirdparty/freertos/freertos-7.3.0/source/tasks.o
 .debug_macro   0x00010d74       0xd7 Drivers/ASF/thirdparty/freertos/freertos-7.3.0/source/tasks.o
 .debug_macro   0x00010e4b       0x16 Drivers/ASF/thirdparty/freertos/freertos-7.3.0/source/tasks.o
 .debug_macro   0x00010e61      0x18b Drivers/ASF/thirdparty/freertos/freertos-7.3.0/source/tasks.o
 .debug_macro   0x00010fec       0x5b Drivers/ASF/thirdparty/freertos/freertos-7.3.0/source/tasks.o
 .debug_macro   0x00011047       0x16 Drivers/ASF/thirdparty/freertos/freertos-7.3.0/source/tasks.o
 .debug_macro   0x0001105d      0x10c Drivers/ASF/thirdparty/freertos/freertos-7.3.0/source/timers.o
 .debug_macro   0x00011169       0x96 Drivers/ASF/thirdparty/freertos/freertos-7.3.0/source/timers.o
 .debug_macro   0x000111ff      0x3c6 Drivers/Src/PIO_SAM.o
 .debug_macro   0x000115c5       0xf4 Drivers/Src/PIO_SAM.o
 .debug_macro   0x000116b9      0x3b8 Drivers/Src/PWM_SAM.o
 .debug_macro   0x00011a71       0x34 Drivers/Src/PWM_SAM.o
 .debug_macro   0x00011aa5      0x3c6 Drivers/Src/SPI_SAM.o
 .debug_macro   0x00011e6b      0x51f main.o
 .debug_macro   0x0001238a       0x34 main.o
 .debug_macro   0x000123be       0xf9 main.o
 .debug_macro   0x000124b7       0x43 main.o
 .debug_macro   0x000124fa       0x77 main.o
 .debug_macro   0x00012571       0x5d main.o
 .debug_macro   0x000125ce      0x3b3 Src/ADC_init_SAM.o
 .debug_macro   0x00012981      0x3b3 Src/DAC_init_SAM.o
 .debug_macro   0x00012d34      0x3b8 Src/pio_init.o
 .debug_macro   0x000130ec      0x3bc Src/PWM_init_SAM.o
 .debug_macro   0x000134a8       0x3a Src/PWM_init_SAM.o
 .debug_macro   0x000134e2      0x3b3 Src/SPI_init_SAM.o
 .debug_macro   0x00013895      0x3b8 Src/USART_init_SAM.o
 .debug_macro   0x00013c4d       0x2e Src/USART_init_SAM.o

.debug_line     0x00000000     0x747f
 .debug_line    0x00000000      0x5eb Device_Startup/startup_sam3xa.o
 .debug_line    0x000005eb      0x648 Device_Startup/system_sam3xa.o
 .debug_line    0x00000c33      0x4a2 Drivers/ASF/thirdparty/freertos/freertos-7.3.0/source/list.o
 .debug_line    0x000010d5      0x478 Drivers/ASF/thirdparty/freertos/freertos-7.3.0/source/portable/gcc/sam/port.o
 .debug_line    0x0000154d      0x50b Drivers/ASF/thirdparty/freertos/freertos-7.3.0/source/portable/memmang/heap_4.o
 .debug_line    0x00001a58      0x8de Drivers/ASF/thirdparty/freertos/freertos-7.3.0/source/queue.o
 .debug_line    0x00002336      0xc2c Drivers/ASF/thirdparty/freertos/freertos-7.3.0/source/tasks.o
 .debug_line    0x00002f62      0x5b5 Drivers/ASF/thirdparty/freertos/freertos-7.3.0/source/timers.o
 .debug_line    0x00003517      0x5f9 Drivers/Src/PIO_SAM.o
 .debug_line    0x00003b10      0x604 Drivers/Src/PWM_SAM.o
 .debug_line    0x00004114      0x5fd Drivers/Src/SPI_SAM.o
 .debug_line    0x00004711      0x899 main.o
 .debug_line    0x00004faa      0x5ef Src/ADC_init_SAM.o
 .debug_line    0x00005599      0x5ff Src/DAC_init_SAM.o
 .debug_line    0x00005b98      0x6b6 Src/pio_init.o
 .debug_line    0x0000624e      0x63a Src/PWM_init_SAM.o
 .debug_line    0x00006888      0x5f5 Src/SPI_init_SAM.o
 .debug_line    0x00006e7d      0x602 Src/USART_init_SAM.o

.debug_str      0x00000000    0x5b1cb
 .debug_str     0x00000000    0x502f1 Device_Startup/startup_sam3xa.o
                              0x504b9 (size before relaxing)
 .debug_str     0x000502f1      0x2c8 Device_Startup/system_sam3xa.o
                              0x5024d (size before relaxing)
 .debug_str     0x000505b9     0x4b3b Drivers/ASF/thirdparty/freertos/freertos-7.3.0/source/list.o
                               0x805e (size before relaxing)
 .debug_str     0x000550f4      0x85b Drivers/ASF/thirdparty/freertos/freertos-7.3.0/source/portable/gcc/sam/port.o
                               0x59f1 (size before relaxing)
 .debug_str     0x0005594f      0x280 Drivers/ASF/thirdparty/freertos/freertos-7.3.0/source/portable/memmang/heap_4.o
                               0x84ae (size before relaxing)
 .debug_str     0x00055bcf      0x8ee Drivers/ASF/thirdparty/freertos/freertos-7.3.0/source/queue.o
                               0x8ced (size before relaxing)
 .debug_str     0x000564bd     0x250d Drivers/ASF/thirdparty/freertos/freertos-7.3.0/source/tasks.o
                               0xaaf9 (size before relaxing)
 .debug_str     0x000589ca      0xaec Drivers/ASF/thirdparty/freertos/freertos-7.3.0/source/timers.o
                               0x68b1 (size before relaxing)
 .debug_str     0x000594b6      0x590 Drivers/Src/PIO_SAM.o
                              0x50868 (size before relaxing)
 .debug_str     0x00059a46      0x189 Drivers/Src/PWM_SAM.o
                              0x504b4 (size before relaxing)
 .debug_str     0x00059bcf       0x8e Drivers/Src/SPI_SAM.o
                              0x506c9 (size before relaxing)
 .debug_str     0x00059c5d      0xffe main.o
                              0x54486 (size before relaxing)
 .debug_str     0x0005ac5b       0xfb Src/ADC_init_SAM.o
                              0x50555 (size before relaxing)
 .debug_str     0x0005ad56       0xcd Src/DAC_init_SAM.o
                              0x5052c (size before relaxing)
 .debug_str     0x0005ae23       0x7c Src/pio_init.o
                              0x509a6 (size before relaxing)
 .debug_str     0x0005ae9f      0x216 Src/PWM_init_SAM.o
                              0x507e2 (size before relaxing)
 .debug_str     0x0005b0b5       0x16 Src/SPI_init_SAM.o
                              0x504c7 (size before relaxing)
 .debug_str     0x0005b0cb      0x100 Src/USART_init_SAM.o
                              0x50543 (size before relaxing)

.debug_frame    0x00000000     0x105c
 .debug_frame   0x00000000       0x38 Device_Startup/startup_sam3xa.o
 .debug_frame   0x00000038       0x40 Device_Startup/system_sam3xa.o
 .debug_frame   0x00000078       0x6c Drivers/ASF/thirdparty/freertos/freertos-7.3.0/source/list.o
 .debug_frame   0x000000e4      0x100 Drivers/ASF/thirdparty/freertos/freertos-7.3.0/source/portable/gcc/sam/port.o
 .debug_frame   0x000001e4       0xa8 Drivers/ASF/thirdparty/freertos/freertos-7.3.0/source/portable/memmang/heap_4.o
 .debug_frame   0x0000028c      0x2b0 Drivers/ASF/thirdparty/freertos/freertos-7.3.0/source/queue.o
 .debug_frame   0x0000053c      0x454 Drivers/ASF/thirdparty/freertos/freertos-7.3.0/source/tasks.o
 .debug_frame   0x00000990      0x1b0 Drivers/ASF/thirdparty/freertos/freertos-7.3.0/source/timers.o
 .debug_frame   0x00000b40       0x20 Drivers/Src/PIO_SAM.o
 .debug_frame   0x00000b60       0x40 Drivers/Src/PWM_SAM.o
 .debug_frame   0x00000ba0       0x28 Drivers/Src/SPI_SAM.o
 .debug_frame   0x00000bc8       0x80 main.o
 .debug_frame   0x00000c48       0x20 Src/ADC_init_SAM.o
 .debug_frame   0x00000c68       0x28 Src/DAC_init_SAM.o
 .debug_frame   0x00000c90      0x108 Src/pio_init.o
 .debug_frame   0x00000d98       0x54 Src/PWM_init_SAM.o
 .debug_frame   0x00000dec       0x20 Src/SPI_init_SAM.o
 .debug_frame   0x00000e0c       0x28 Src/USART_init_SAM.o
 .debug_frame   0x00000e34       0x2c c:/program files (x86)/atmel/studio/7.0/toolchain/arm/arm-gnu-toolchain/bin/../lib/gcc/arm-none-eabi/6.3.1/../../../../arm-none-eabi/lib/thumb/v7-m\libc.a(lib_a-init.o)
 .debug_frame   0x00000e60       0x34 c:/program files (x86)/atmel/studio/7.0/toolchain/arm/arm-gnu-toolchain/bin/../lib/gcc/arm-none-eabi/6.3.1/../../../../arm-none-eabi/lib/thumb/v7-m\libc.a(lib_a-memset.o)
 .debug_frame   0x00000e94       0x34 c:/program files (x86)/atmel/studio/7.0/toolchain/arm/arm-gnu-toolchain/bin/../lib/gcc/arm-none-eabi/6.3.1/../../../../arm-none-eabi/lib/thumb/v7-m\libc.a(lib_a-strncpy.o)
 .debug_frame   0x00000ec8       0x5c c:/program files (x86)/atmel/studio/7.0/toolchain/arm/arm-gnu-toolchain/bin/../lib/gcc/arm-none-eabi/6.3.1/../../../../arm-none-eabi/lib/thumb/v7-m\libc.a(lib_a-__call_atexit.o)
 .debug_frame   0x00000f24       0x20 c:/program files (x86)/atmel/studio/7.0/toolchain/arm/arm-gnu-toolchain/bin/../lib/gcc/arm-none-eabi/6.3.1/../../../../arm-none-eabi/lib/thumb/v7-m\libc.a(lib_a-atexit.o)
 .debug_frame   0x00000f44       0x34 c:/program files (x86)/atmel/studio/7.0/toolchain/arm/arm-gnu-toolchain/bin/../lib/gcc/arm-none-eabi/6.3.1/../../../../arm-none-eabi/lib/thumb/v7-m\libc.a(lib_a-fini.o)
 .debug_frame   0x00000f78       0xb0 c:/program files (x86)/atmel/studio/7.0/toolchain/arm/arm-gnu-toolchain/bin/../lib/gcc/arm-none-eabi/6.3.1/../../../../arm-none-eabi/lib/thumb/v7-m\libc.a(lib_a-lock.o)
 .debug_frame   0x00001028       0x34 c:/program files (x86)/atmel/studio/7.0/toolchain/arm/arm-gnu-toolchain/bin/../lib/gcc/arm-none-eabi/6.3.1/../../../../arm-none-eabi/lib/thumb/v7-m\libc.a(lib_a-__atexit.o)
