Archive member included to satisfy reference by file (symbol)

c:/program files (x86)/atmel/studio/7.0/toolchain/arm/arm-gnu-toolchain/bin/../lib/gcc/arm-none-eabi/6.3.1/../../../../arm-none-eabi/lib/thumb/v7-m\libc.a(lib_a-exit.o)
                              c:/program files (x86)/atmel/studio/7.0/toolchain/arm/arm-gnu-toolchain/bin/../lib/gcc/arm-none-eabi/6.3.1/../../../../arm-none-eabi/lib/thumb/v7-m/crt0.o (exit)
c:/program files (x86)/atmel/studio/7.0/toolchain/arm/arm-gnu-toolchain/bin/../lib/gcc/arm-none-eabi/6.3.1/../../../../arm-none-eabi/lib/thumb/v7-m\libc.a(lib_a-impure.o)
                              c:/program files (x86)/atmel/studio/7.0/toolchain/arm/arm-gnu-toolchain/bin/../lib/gcc/arm-none-eabi/6.3.1/../../../../arm-none-eabi/lib/thumb/v7-m\libc.a(lib_a-exit.o) (_global_impure_ptr)
c:/program files (x86)/atmel/studio/7.0/toolchain/arm/arm-gnu-toolchain/bin/../lib/gcc/arm-none-eabi/6.3.1/../../../../arm-none-eabi/lib/thumb/v7-m\libc.a(lib_a-init.o)
                              c:/program files (x86)/atmel/studio/7.0/toolchain/arm/arm-gnu-toolchain/bin/../lib/gcc/arm-none-eabi/6.3.1/../../../../arm-none-eabi/lib/thumb/v7-m/crt0.o (__libc_init_array)
c:/program files (x86)/atmel/studio/7.0/toolchain/arm/arm-gnu-toolchain/bin/../lib/gcc/arm-none-eabi/6.3.1/../../../../arm-none-eabi/lib/thumb/v7-m\libc.a(lib_a-memset.o)
                              c:/program files (x86)/atmel/studio/7.0/toolchain/arm/arm-gnu-toolchain/bin/../lib/gcc/arm-none-eabi/6.3.1/../../../../arm-none-eabi/lib/thumb/v7-m/crt0.o (memset)
c:/program files (x86)/atmel/studio/7.0/toolchain/arm/arm-gnu-toolchain/bin/../lib/gcc/arm-none-eabi/6.3.1/../../../../arm-none-eabi/lib/thumb/v7-m\libc.a(lib_a-__call_atexit.o)
                              c:/program files (x86)/atmel/studio/7.0/toolchain/arm/arm-gnu-toolchain/bin/../lib/gcc/arm-none-eabi/6.3.1/../../../../arm-none-eabi/lib/thumb/v7-m\libc.a(lib_a-exit.o) (__call_exitprocs)
c:/program files (x86)/atmel/studio/7.0/toolchain/arm/arm-gnu-toolchain/bin/../lib/gcc/arm-none-eabi/6.3.1/../../../../arm-none-eabi/lib/thumb/v7-m\libc.a(lib_a-atexit.o)
                              c:/program files (x86)/atmel/studio/7.0/toolchain/arm/arm-gnu-toolchain/bin/../lib/gcc/arm-none-eabi/6.3.1/../../../../arm-none-eabi/lib/thumb/v7-m\libc.a(lib_a-__call_atexit.o) (atexit)
c:/program files (x86)/atmel/studio/7.0/toolchain/arm/arm-gnu-toolchain/bin/../lib/gcc/arm-none-eabi/6.3.1/../../../../arm-none-eabi/lib/thumb/v7-m\libc.a(lib_a-fini.o)
                              c:/program files (x86)/atmel/studio/7.0/toolchain/arm/arm-gnu-toolchain/bin/../lib/gcc/arm-none-eabi/6.3.1/../../../../arm-none-eabi/lib/thumb/v7-m\libc.a(lib_a-__call_atexit.o) (__libc_fini_array)
c:/program files (x86)/atmel/studio/7.0/toolchain/arm/arm-gnu-toolchain/bin/../lib/gcc/arm-none-eabi/6.3.1/../../../../arm-none-eabi/lib/thumb/v7-m\libc.a(lib_a-lock.o)
                              c:/program files (x86)/atmel/studio/7.0/toolchain/arm/arm-gnu-toolchain/bin/../lib/gcc/arm-none-eabi/6.3.1/../../../../arm-none-eabi/lib/thumb/v7-m\libc.a(lib_a-__call_atexit.o) (__retarget_lock_acquire_recursive)
c:/program files (x86)/atmel/studio/7.0/toolchain/arm/arm-gnu-toolchain/bin/../lib/gcc/arm-none-eabi/6.3.1/../../../../arm-none-eabi/lib/thumb/v7-m\libc.a(lib_a-__atexit.o)
                              c:/program files (x86)/atmel/studio/7.0/toolchain/arm/arm-gnu-toolchain/bin/../lib/gcc/arm-none-eabi/6.3.1/../../../../arm-none-eabi/lib/thumb/v7-m\libc.a(lib_a-atexit.o) (__register_exitproc)

Allocating common symbols
Common symbol       size              file

__lock___atexit_recursive_mutex
                    0x1               c:/program files (x86)/atmel/studio/7.0/toolchain/arm/arm-gnu-toolchain/bin/../lib/gcc/arm-none-eabi/6.3.1/../../../../arm-none-eabi/lib/thumb/v7-m\libc.a(lib_a-lock.o)
__lock___arc4random_mutex
                    0x1               c:/program files (x86)/atmel/studio/7.0/toolchain/arm/arm-gnu-toolchain/bin/../lib/gcc/arm-none-eabi/6.3.1/../../../../arm-none-eabi/lib/thumb/v7-m\libc.a(lib_a-lock.o)
__lock___env_recursive_mutex
                    0x1               c:/program files (x86)/atmel/studio/7.0/toolchain/arm/arm-gnu-toolchain/bin/../lib/gcc/arm-none-eabi/6.3.1/../../../../arm-none-eabi/lib/thumb/v7-m\libc.a(lib_a-lock.o)
__lock___sinit_recursive_mutex
                    0x1               c:/program files (x86)/atmel/studio/7.0/toolchain/arm/arm-gnu-toolchain/bin/../lib/gcc/arm-none-eabi/6.3.1/../../../../arm-none-eabi/lib/thumb/v7-m\libc.a(lib_a-lock.o)
__lock___malloc_recursive_mutex
                    0x1               c:/program files (x86)/atmel/studio/7.0/toolchain/arm/arm-gnu-toolchain/bin/../lib/gcc/arm-none-eabi/6.3.1/../../../../arm-none-eabi/lib/thumb/v7-m\libc.a(lib_a-lock.o)
__lock___at_quick_exit_mutex
[...]
Memory Configuration

Name             Origin             Length             Attributes
rom              0x00080000         0x00080000         xr
ram              0x20000000         0x00018000         xrw
*default*        0x00000000         0xffffffff

Linker script and memory map

LOAD c:/program files (x86)/atmel/studio/7.0/toolchain/arm/arm-gnu-toolchain/bin/../lib/gcc/arm-none-eabi/6.3.1/thumb/v7-m/crti.o
LOAD c:/program files (x86)/atmel/studio/7.0/toolchain/arm/arm-gnu-toolchain/bin/../lib/gcc/arm-none-eabi/6.3.1/thumb/v7-m/crtbegin.o
LOAD c:/program files (x86)/atmel/studio/7.0/toolchain/arm/arm-gnu-toolchain/bin/../lib/gcc/arm-none-eabi/6.3.1/../../../../arm-none-eabi/lib/thumb/v7-m/crt0.o
LOAD Device_Startup/startup_sam3xa.o
LOAD Device_Startup/system_sam3xa.o
LOAD Drivers/Src/ADC_SAM.o
LOAD Drivers/Src/PIO_SAM.o
LOAD Drivers/Src/PWM_SAM.o
LOAD Drivers/Src/RTC_ISL.o
LOAD Drivers/Src/SPI_SAM.o
LOAD Drivers/Src/TWI_SAM.o
LOAD Drivers/Src/usart.o
LOAD Drivers/Src/USART_SAM.o
LOAD main.o
LOAD Src/ADC_init_SAM.o
LOAD Src/DAC_init_SAM.o
LOAD Src/pio_init.o
LOAD Src/PWM_init_SAM.o
LOAD Src/RTC_init_ISL12022M.o
LOAD Src/SPI_init_SAM.o
LOAD Src/TWI_init_SAM.o
LOAD Src/USART_init_SAM.o
START GROUP
LOAD c:/program files (x86)/atmel/studio/7.0/toolchain/arm/arm-gnu-toolchain/bin/../lib/gcc/arm-none-eabi/6.3.1/../../../../arm-none-eabi/lib/thumb/v7-m\libm.a
END GROUP
START GROUP
LOAD c:/program files (x86)/atmel/studio/7.0/toolchain/arm/arm-gnu-toolchain/bin/../lib/gcc/arm-none-eabi/6.3.1/thumb/v7-m\libgcc.a
LOAD c:/program files (x86)/atmel/studio/7.0/toolchain/arm/arm-gnu-toolchain/bin/../lib/gcc/arm-none-eabi/6.3.1/../../../../arm-none-eabi/lib/thumb/v7-m\libc.a
END GROUP
LOAD c:/program files (x86)/atmel/studio/7.0/toolchain/arm/arm-gnu-toolchain/bin/../lib/gcc/arm-none-eabi/6.3.1/thumb/v7-m/crtend.o
LOAD c:/program files (x86)/atmel/studio/7.0/toolchain/arm/arm-gnu-toolchain/bin/../lib/gcc/arm-none-eabi/6.3.1/thumb/v7-m/crtn.o
                0x00000400                STACK_SIZE = DEFINED (STACK_SIZE)?STACK_SIZE:0x400
                0x00000200                HEAP_SIZE = DEFINED (HEAP_SIZE)?HEAP_SIZE:0x200

.text           0x00080000      0xbcc
                0x00080000                . = ALIGN (0x4)
                0x00080000                _sfixed = .
 *(.vectors .vectors.*)
 .vectors       0x00080000       0xf4 Device_Startup/startup_sam3xa.o
                0x00080000                exception_table
 *(.text .text.* .gnu.linkonce.t.*)
 .text          0x000800f4       0x6c c:/program files (x86)/atmel/studio/7.0/toolchain/arm/arm-gnu-toolchain/bin/../lib/gcc/arm-none-eabi/6.3.1/thumb/v7-m/crtbegin.o
 .text.Dummy_Handler
                0x00080160        0x2 Device_Startup/startup_sam3xa.o
                0x00080160                DACC_Handler
                0x00080160                DebugMon_Handler
                0x00080160                DMAC_Handler
                0x00080160                TRNG_Handler
                0x00080160                HardFault_Handler
                0x00080160                TC2_Handler
                0x00080160                SysTick_Handler
                0x00080160                USART3_Handler
                0x00080160                TWI1_Handler
                0x00080160                PendSV_Handler
                0x00080160                NMI_Handler
                0x00080160                TC7_Handler
                0x00080160                ADC_Handler
                0x00080160                SMC_Handler
                0x00080160                USART0_Handler
                0x00080160                RTT_Handler
                0x00080160                EFC1_Handler
                0x00080160                PIOB_Handler
                0x00080160                RTC_Handler
                0x00080160                UsageFault_Handler
                0x00080160                TC6_Handler
                0x00080160                WDT_Handler
                0x00080160                CAN0_Handler
                0x00080160                TC4_Handler
                0x00080160                TC1_Handler
                0x00080160                HSMCI_Handler
                0x00080160                TC3_Handler
                0x00080160                Dummy_Handler
                0x00080160                TWI0_Handler
                0x00080160                USART1_Handler
                0x00080160                PIOA_Handler
                0x00080160                SSC_Handler
                0x00080160                EFC0_Handler
                0x00080160                PMC_Handler
                0x00080160                PWM_Handler
                0x00080160                CAN1_Handler
                0x00080160                MemManage_Handler
                0x00080160                SUPC_Handler
                0x00080160                SVC_Handler
                0x00080160                TC8_Handler
                0x00080160                USART2_Handler
                0x00080160                PIOD_Handler
                0x00080160                EMAC_Handler
                0x00080160                UART_Handler
                0x00080160                PIOC_Handler
                0x00080160                BusFault_Handler
                0x00080160                RSTC_Handler
                0x00080160                TC0_Handler
                0x00080160                TC5_Handler
                0x00080160                UOTGHS_Handler
                0x00080160                SPI0_Handler
 *fill*         0x00080162        0x2 
 .text.Reset_Handler
                0x00080164       0x6c Device_Startup/startup_sam3xa.o
                0x00080164                Reset_Handler
 .text.SystemInit
                0x000801d0       0xa4 Device_Startup/system_sam3xa.o
                0x000801d0                SystemInit
 .text.SystemCoreClockUpdate
                0x00080274      0x11c Device_Startup/system_sam3xa.o
                0x00080274                SystemCoreClockUpdate
 .text.Set_Duty_Cycle_Synchronous_Channels
                0x00080390       0x48 Drivers/Src/PWM_SAM.o
                0x00080390                Set_Duty_Cycle_Synchronous_Channels
 .text.SPI_transfer
                0x000803d8       0x44 Drivers/Src/SPI_SAM.o
                0x000803d8                SPI_transfer
 .text.main     0x0008041c       0x54 main.o
                0x0008041c                main
 .text.ADC_init
                0x00080470       0x44 Src/ADC_init_SAM.o
                0x00080470                ADC_init
 .text.DAC_init
                0x000804b4       0x80 Src/DAC_init_SAM.o
                0x000804b4                DAC_init
 .text.PIO_IO_init
                0x00080534      0x11e Src/pio_init.o
                0x00080534                PIO_IO_init
 *fill*         0x00080652        0x2 
 .text.LED_PIO_init
                0x00080654       0x44 Src/pio_init.o
                0x00080654                LED_PIO_init
 .text.USART_PIO_init
                0x00080698       0x3c Src/pio_init.o
                0x00080698                USART_PIO_init
 .text.TWI0_PIO_init
                0x000806d4       0x3c Src/pio_init.o
                0x000806d4                TWI0_PIO_init
 .text.PWM_PIO_init
                0x00080710       0x48 Src/pio_init.o
                0x00080710                PWM_PIO_init
 .text.SPI_PIO_init
                0x00080758       0x44 Src/pio_init.o
                0x00080758                SPI_PIO_init
 .text.ADC_PIO_init
                0x0008079c       0x30 Src/pio_init.o
                0x0008079c                ADC_PIO_init
 .text.DAC_PIO_init
                0x000807cc       0x30 Src/pio_init.o
                0x000807cc                DAC_PIO_init
 .text.PIO_INIT
                0x000807fc       0x3c Src/pio_init.o
                0x000807fc                PIO_INIT
 .text.PWM_init_FAULT
                0x00080838       0x18 Src/PWM_init_SAM.o
                0x00080838                PWM_init_FAULT
 .text.PWM_init
                0x00080850       0xd4 Src/PWM_init_SAM.o
                0x00080850                PWM_init
 .text.SPI_init
                0x00080924       0x70 Src/SPI_init_SAM.o
                0x00080924                SPI_init
 .text.USART0_init
                0x00080994       0xa0 Src/USART_init_SAM.o
                0x00080994                USART0_init
 .text.__libc_init_array
                0x00080a34       0x50 c:/program files (x86)/atmel/studio/7.0/toolchain/arm/arm-gnu-toolchain/bin/../lib/gcc/arm-none-eabi/6.3.1/../../../../arm-none-eabi/lib/thumb/v7-m\libc.a(lib_a-init.o)
                0x00080a34                __libc_init_array
 .text.startup.register_fini
                0x00080a84       0x14 c:/program files (x86)/atmel/studio/7.0/toolchain/arm/arm-gnu-toolchain/bin/../lib/gcc/arm-none-eabi/6.3.1/../../../../arm-none-eabi/lib/thumb/v7-m\libc.a(lib_a-__call_atexit.o)
 .text.atexit   0x00080a98        0xc c:/program files (x86)/atmel/studio/7.0/toolchain/arm/arm-gnu-toolchain/bin/../lib/gcc/arm-none-eabi/6.3.1/../../../../arm-none-eabi/lib/thumb/v7-m\libc.a(lib_a-atexit.o)
                0x00080a98                atexit
 .text.__libc_fini_array
                0x00080aa4       0x34 c:/program files (x86)/atmel/studio/7.0/toolchain/arm/arm-gnu-toolchain/bin/../lib/gcc/arm-none-eabi/6.3.1/../../../../arm-none-eabi/lib/thumb/v7-m\libc.a(lib_a-fini.o)
                0x00080aa4                __libc_fini_array
 .text.__retarget_lock_acquire_recursive
                0x00080ad8        0x4 c:/program files (x86)/atmel/studio/7.0/toolchain/arm/arm-gnu-toolchain/bin/../lib/gcc/arm-none-eabi/6.3.1/../../../../arm-none-eabi/lib/thumb/v7-m\libc.a(lib_a-lock.o)
                0x00080ad8                __retarget_lock_acquire_recursive
 .text.__retarget_lock_release_recursive
                0x00080adc        0x4 c:/program files (x86)/atmel/studio/7.0/toolchain/arm/arm-gnu-toolchain/bin/../lib/gcc/arm-none-eabi/6.3.1/../../../../arm-none-eabi/lib/thumb/v7-m\libc.a(lib_a-lock.o)
                0x00080adc                __retarget_lock_release_recursive
 .text.__register_exitproc
                0x00080ae0       0xc4 c:/program files (x86)/atmel/studio/7.0/toolchain/arm/arm-gnu-toolchain/bin/../lib/gcc/arm-none-eabi/6.3.1/../../../../arm-none-eabi/lib/thumb/v7-m\libc.a(lib_a-__atexit.o)
                0x00080ae0                __register_exitproc
 *(.glue_7t)
 .glue_7t       0x00080ba4        0x0 linker stubs
 *(.glue_7)
 .glue_7        0x00080ba4        0x0 linker stubs
 *(.rodata .rodata* .gnu.linkonce.r.*)
 .rodata._global_impure_ptr
                0x00080ba4        0x4 c:/program files (x86)/atmel/studio/7.0/toolchain/arm/arm-gnu-toolchain/bin/../lib/gcc/arm-none-eabi/6.3.1/../../../../arm-none-eabi/lib/thumb/v7-m\libc.a(lib_a-impure.o)
                0x00080ba4                _global_impure_ptr
 *(.ARM.extab* .gnu.linkonce.armextab.*)
                0x00080ba8                . = ALIGN (0x4)
 *(.init)
 .init          0x00080ba8        0x4 c:/program files (x86)/atmel/studio/7.0/toolchain/arm/arm-gnu-toolchain/bin/../lib/gcc/arm-none-eabi/6.3.1/thumb/v7-m/crti.o
                0x00080ba8                _init
 .init          0x00080bac        0x8 c:/program files (x86)/atmel/studio/7.0/toolchain/arm/arm-gnu-toolchain/bin/../lib/gcc/arm-none-eabi/6.3.1/thumb/v7-m/crtn.o
                0x00080bb4                . = ALIGN (0x4)
                0x00080bb4                __preinit_array_start = .
 *(.preinit_array)
                0x00080bb4                __preinit_array_end = .
                0x00080bb4                . = ALIGN (0x4)
                0x00080bb4                __init_array_start = .
 *(SORT(.init_array.*))
 .init_array.00000
                0x00080bb4        0x4 c:/program files (x86)/atmel/studio/7.0/toolchain/arm/arm-gnu-toolchain/bin/../lib/gcc/arm-none-eabi/6.3.1/../../../../arm-none-eabi/lib/thumb/v7-m\libc.a(lib_a-__call_atexit.o)
 *(.init_array)
 .init_array    0x00080bb8        0x4 c:/program files (x86)/atmel/studio/7.0/toolchain/arm/arm-gnu-toolchain/bin/../lib/gcc/arm-none-eabi/6.3.1/thumb/v7-m/crtbegin.o
                0x00080bbc                __init_array_end = .
                0x00080bbc                . = ALIGN (0x4)
 *crtbegin.o(.ctors)
 *(EXCLUDE_FILE(*crtend.o) .ctors)
 *(SORT(.ctors.*))
 *crtend.o(.ctors)
                0x00080bbc                . = ALIGN (0x4)
 *(.fini)
 .fini          0x00080bbc        0x4 c:/program files (x86)/atmel/studio/7.0/toolchain/arm/arm-gnu-toolchain/bin/../lib/gcc/arm-none-eabi/6.3.1/thumb/v7-m/crti.o
                0x00080bbc                _fini
 .fini          0x00080bc0        0x8 c:/program files (x86)/atmel/studio/7.0/toolchain/arm/arm-gnu-toolchain/bin/../lib/gcc/arm-none-eabi/6.3.1/thumb/v7-m/crtn.o
                0x00080bc8                . = ALIGN (0x4)
                0x00080bc8                __fini_array_start = .
 *(.fini_array)
 .fini_array    0x00080bc8        0x4 c:/program files (x86)/atmel/studio/7.0/toolchain/arm/arm-gnu-toolchain/bin/../lib/gcc/arm-none-eabi/6.3.1/thumb/v7-m/crtbegin.o
 *(SORT(.fini_array.*))
                0x00080bcc                __fini_array_end = .
 *crtbegin.o(.dtors)
 *(EXCLUDE_FILE(*crtend.o) .dtors)
 *(SORT(.dtors.*))
 *crtend.o(.dtors)
                0x00080bcc                . = ALIGN (0x4)
                0x00080bcc                _efixed = .
                [!provide]                PROVIDE (__exidx_start, .)

.vfp11_veneer   0x00080bcc        0x0
 .vfp11_veneer  0x00080bcc        0x0 linker stubs

.v4_bx          0x00080bcc        0x0
 .v4_bx         0x00080bcc        0x0 linker stubs

.iplt           0x00080bcc        0x0
 .iplt          0x00080bcc        0x0 c:/program files (x86)/atmel/studio/7.0/toolchain/arm/arm-gnu-toolchain/bin/../lib/gcc/arm-none-eabi/6.3.1/thumb/v7-m/crtbegin.o

.eh_frame       0x00080bcc        0x0
 .eh_frame      0x00080bcc        0x0 c:/program files (x86)/atmel/studio/7.0/toolchain/arm/arm-gnu-toolchain/bin/../lib/gcc/arm-none-eabi/6.3.1/thumb/v7-m/crtbegin.o

.rel.dyn        0x00080bcc        0x0
 .rel.iplt      0x00080bcc        0x0 c:/program files (x86)/atmel/studio/7.0/toolchain/arm/arm-gnu-toolchain/bin/../lib/gcc/arm-none-eabi/6.3.1/thumb/v7-m/crtbegin.o

.jcr            0x00080bcc        0x0
 .jcr           0x00080bcc        0x0 c:/program files (x86)/atmel/studio/7.0/toolchain/arm/arm-gnu-toolchain/bin/../lib/gcc/arm-none-eabi/6.3.1/thumb/v7-m/crtbegin.o

.igot.plt       0x00080bcc        0x0
 .igot.plt      0x00080bcc        0x0 c:/program files (x86)/atmel/studio/7.0/toolchain/arm/arm-gnu-toolchain/bin/../lib/gcc/arm-none-eabi/6.3.1/thumb/v7-m/crtbegin.o

.ARM.exidx
 *(.ARM.exidx* .gnu.linkonce.armexidx.*)
                [!provide]                PROVIDE (__exidx_end, .)
                0x00080bcc                . = ALIGN (0x4)
                0x00080bcc                _etext = .

.relocate       0x20000000      0x434 load address 0x00080bcc
                0x20000000                . = ALIGN (0x4)
                0x20000000                _srelocate = .
 *(.ramfunc .ramfunc.*)
 *(.data .data.*)
 .data          0x20000000        0x4 Device_Startup/system_sam3xa.o
                0x20000000                SystemCoreClock
 *fill*         0x20000004        0x4 
 .data.impure_data
                0x20000008      0x428 c:/program files (x86)/atmel/studio/7.0/toolchain/arm/arm-gnu-toolchain/bin/../lib/gcc/arm-none-eabi/6.3.1/../../../../arm-none-eabi/lib/thumb/v7-m\libc.a(lib_a-impure.o)
 .data.__atexit_recursive_mutex
                0x20000430        0x4 c:/program files (x86)/atmel/studio/7.0/toolchain/arm/arm-gnu-toolchain/bin/../lib/gcc/arm-none-eabi/6.3.1/../../../../arm-none-eabi/lib/thumb/v7-m\libc.a(lib_a-__call_atexit.o)
                0x20000430                __atexit_recursive_mutex
                0x20000434                . = ALIGN (0x4)
                0x20000434                _erelocate = .

.bss            0x20000434       0x40 load address 0x00081000
                0x20000434                . = ALIGN (0x4)
                0x20000434                _sbss = .
                0x20000434                _szero = .
 *(.bss .bss.*)
 .bss           0x20000434       0x1c c:/program files (x86)/atmel/studio/7.0/toolchain/arm/arm-gnu-toolchain/bin/../lib/gcc/arm-none-eabi/6.3.1/thumb/v7-m/crtbegin.o
 *(COMMON)
 COMMON         0x20000450       0x21 c:/program files (x86)/atmel/studio/7.0/toolchain/arm/arm-gnu-toolchain/bin/../lib/gcc/arm-none-eabi/6.3.1/../../../../arm-none-eabi/lib/thumb/v7-m\libc.a(lib_a-lock.o)
                0x20000450                __lock___atexit_recursive_mutex
                0x20000454                __lock___arc4random_mutex
                0x20000458                __lock___env_recursive_mutex
                0x2000045c                __lock___sinit_recursive_mutex
                0x20000460                __lock___malloc_recursive_mutex
                0x20000464                __lock___at_quick_exit_mutex
                0x20000468                __lock___dd_hash_mutex
                0x2000046c                __lock___tz_mutex
                0x20000470                __lock___sfp_recursive_mutex
                0x20000474                . = ALIGN (0x4)
 *fill*         0x20000471        0x3 
                0x20000474                _ebss = .
                0x20000474                _ezero = .

.stack          0x20000474      0x404 load address 0x00081040
                0x20000478                . = ALIGN (0x8)
 *fill*         0x20000474        0x4 
                0x20000478                _sstack = .
                0x20000878                . = (. + STACK_SIZE)
 *fill*         0x20000478      0x400 
                0x20000878                . = ALIGN (0x8)
                0x20000878                _estack = .

.heap           0x20000878      0x200 load address 0x00081444
                0x20000878                . = ALIGN (0x8)
                0x20000878                _sheap = .
                0x20000a78                . = (. + HEAP_SIZE)
 *fill*         0x20000878      0x200 
                0x20000a78                . = ALIGN (0x8)
                0x20000a78                _eheap = .
                0x20000a78                . = ALIGN (0x4)
                0x20000a78                _end = .
                0x20017fff                _ram_end_ = ((ORIGIN (ram) + LENGTH (ram)) - 0x1)
OUTPUT(SAM3X_Test.elf elf32-littlearm)

.ARM.attributes
                0x00000000       0x29
 .ARM.attributes
                0x00000000       0x1d c:/program files (x86)/atmel/studio/7.0/toolchain/arm/arm-gnu-toolchain/bin/../lib/gcc/arm-none-eabi/6.3.1/thumb/v7-m/crti.o
 .ARM.attributes
                0x0000001d       0x2d c:/program files (x86)/atmel/studio/7.0/toolchain/arm/arm-gnu-toolchain/bin/../lib/gcc/arm-none-eabi/6.3.1/thumb/v7-m/crtbegin.o
 .ARM.attributes
                0x0000004a       0x33 Device_Startup/startup_sam3xa.o
 .ARM.attributes
                0x0000007d       0x33 Device_Startup/system_sam3xa.o
 .ARM.attributes
                0x000000b0       0x33 Drivers/Src/PWM_SAM.o
 .ARM.attributes
                0x000000e3       0x33 Drivers/Src/SPI_SAM.o
 .ARM.attributes
                0x00000116       0x33 main.o
 .ARM.attributes
                0x00000149       0x33 Src/ADC_init_SAM.o
 .ARM.attributes
                0x0000017c       0x33 Src/DAC_init_SAM.o
 .ARM.attributes
                0x000001af       0x33 Src/pio_init.o
 .ARM.attributes
                0x000001e2       0x33 Src/PWM_init_SAM.o
 .ARM.attributes
                0x00000215       0x33 Src/SPI_init_SAM.o
 .ARM.attributes
                0x00000248       0x33 Src/USART_init_SAM.o
 .ARM.attributes
                0x0000027b       0x2d c:/program files (x86)/atmel/studio/7.0/toolchain/arm/arm-gnu-toolchain/bin/../lib/gcc/arm-none-eabi/6.3.1/../../../../arm-none-eabi/lib/thumb/v7-m\libc.a(lib_a-impure.o)
 .ARM.attributes
                0x000002a8       0x2d c:/program files (x86)/atmel/studio/7.0/toolchain/arm/arm-gnu-toolchain/bin/../lib/gcc/arm-none-eabi/6.3.1/../../../../arm-none-eabi/lib/thumb/v7-m\libc.a(lib_a-init.o)
 .ARM.attributes
                0x000002d5       0x2d c:/program files (x86)/atmel/studio/7.0/toolchain/arm/arm-gnu-toolchain/bin/../lib/gcc/arm-none-eabi/6.3.1/../../../../arm-none-eabi/lib/thumb/v7-m\libc.a(lib_a-__call_atexit.o)
 .ARM.attributes
                0x00000302       0x2d c:/program files (x86)/atmel/studio/7.0/toolchain/arm/arm-gnu-toolchain/bin/../lib/gcc/arm-none-eabi/6.3.1/../../../../arm-none-eabi/lib/thumb/v7-m\libc.a(lib_a-atexit.o)
 .ARM.attributes
                0x0000032f       0x2d c:/program files (x86)/atmel/studio/7.0/toolchain/arm/arm-gnu-toolchain/bin/../lib/gcc/arm-none-eabi/6.3.1/../../../../arm-none-eabi/lib/thumb/v7-m\libc.a(lib_a-fini.o)
 .ARM.attributes
                0x0000035c       0x2d c:/program files (x86)/atmel/studio/7.0/toolchain/arm/arm-gnu-toolchain/bin/../lib/gcc/arm-none-eabi/6.3.1/../../../../arm-none-eabi/lib/thumb/v7-m\libc.a(lib_a-lock.o)
 .ARM.attributes
                0x00000389       0x2d c:/program files (x86)/atmel/studio/7.0/toolchain/arm/arm-gnu-toolchain/bin/../lib/gcc/arm-none-eabi/6.3.1/../../../../arm-none-eabi/lib/thumb/v7-m\libc.a(lib_a-__atexit.o)
 .ARM.attributes
                0x000003b6       0x1d c:/program files (x86)/atmel/studio/7.0/toolchain/arm/arm-gnu-toolchain/bin/../lib/gcc/arm-none-eabi/6.3.1/thumb/v7-m/crtn.o

.comment        0x00000000       0x59
 .comment       0x00000000       0x59 Device_Startup/startup_sam3xa.o
                                 0x5a (size before relaxing)
 .comment       0x00000059       0x5a Device_Startup/system_sam3xa.o
 .comment       0x00000059       0x5a Drivers/Src/PWM_SAM.o
 .comment       0x00000059       0x5a Drivers/Src/SPI_SAM.o
 .comment       0x00000059       0x5a main.o
 .comment       0x00000059       0x5a Src/ADC_init_SAM.o
 .comment       0x00000059       0x5a Src/DAC_init_SAM.o
 .comment       0x00000059       0x5a Src/pio_init.o
 .comment       0x00000059       0x5a Src/PWM_init_SAM.o
 .comment       0x00000059       0x5a Src/SPI_init_SAM.o
 .comment       0x00000059       0x5a Src/USART_init_SAM.o

.debug_info     0x00000000     0x37d0
 .debug_info    0x00000000      0x74e Device_Startup/startup_sam3xa.o
 .debug_info    0x0000074e      0x444 Device_Startup/system_sam3xa.o
 .debug_info    0x00000b92      0x1f3 Drivers/Src/PWM_SAM.o
 .debug_info    0x00000d85      0x20b Drivers/Src/SPI_SAM.o
 .debug_info    0x00000f90      0x2b6 main.o
 .debug_info    0x00001246      0x5ad Src/ADC_init_SAM.o
 .debug_info    0x000017f3      0x548 Src/DAC_init_SAM.o
 .debug_info    0x00001d3b      0xa26 Src/pio_init.o
 .debug_info    0x00002761      0x8cd Src/PWM_init_SAM.o
 .debug_info    0x0000302e      0x45c Src/SPI_init_SAM.o
 .debug_info    0x0000348a      0x346 Src/USART_init_SAM.o

.debug_abbrev   0x00000000      0xa97
 .debug_abbrev  0x00000000      0x153 Device_Startup/startup_sam3xa.o
 .debug_abbrev  0x00000153      0x102 Device_Startup/system_sam3xa.o
 .debug_abbrev  0x00000255       0xf0 Drivers/Src/PWM_SAM.o
 .debug_abbrev  0x00000345       0xce Drivers/Src/SPI_SAM.o
 .debug_abbrev  0x00000413      0x110 main.o
 .debug_abbrev  0x00000523       0xbf Src/ADC_init_SAM.o
 .debug_abbrev  0x000005e2       0xce Src/DAC_init_SAM.o
 .debug_abbrev  0x000006b0      0x133 Src/pio_init.o
 .debug_abbrev  0x000007e3      0x127 Src/PWM_init_SAM.o
 .debug_abbrev  0x0000090a       0xcc Src/SPI_init_SAM.o
 .debug_abbrev  0x000009d6       0xc1 Src/USART_init_SAM.o

.debug_loc      0x00000000      0x40e
 .debug_loc     0x00000000       0x78 Device_Startup/startup_sam3xa.o
 .debug_loc     0x00000078       0x94 Drivers/Src/PWM_SAM.o
 .debug_loc     0x0000010c       0x2c Drivers/Src/SPI_SAM.o
 .debug_loc     0x00000138       0x76 main.o
 .debug_loc     0x000001ae       0x2c Src/DAC_init_SAM.o
 .debug_loc     0x000001da      0x1c8 Src/pio_init.o
 .debug_loc     0x000003a2       0x40 Src/PWM_init_SAM.o
 .debug_loc     0x000003e2       0x2c Src/USART_init_SAM.o

.debug_aranges  0x00000000      0x1d8
 .debug_aranges
                0x00000000       0x28 Device_Startup/startup_sam3xa.o
 .debug_aranges
                0x00000028       0x30 Device_Startup/system_sam3xa.o
 .debug_aranges
                0x00000058       0x28 Drivers/Src/PWM_SAM.o
 .debug_aranges
                0x00000080       0x20 Drivers/Src/SPI_SAM.o
 .debug_aranges
                0x000000a0       0x28 main.o
 .debug_aranges
                0x000000c8       0x20 Src/ADC_init_SAM.o
 .debug_aranges
                0x000000e8       0x20 Src/DAC_init_SAM.o
 .debug_aranges
                0x00000108       0x60 Src/pio_init.o
 .debug_aranges
                0x00000168       0x30 Src/PWM_init_SAM.o
 .debug_aranges
                0x00000198       0x20 Src/SPI_init_SAM.o
 .debug_aranges
                0x000001b8       0x20 Src/USART_init_SAM.o

.debug_ranges   0x00000000      0x128
 .debug_ranges  0x00000000       0x18 Device_Startup/startup_sam3xa.o
 .debug_ranges  0x00000018       0x20 Device_Startup/system_sam3xa.o
 .debug_ranges  0x00000038       0x18 Drivers/Src/PWM_SAM.o
 .debug_ranges  0x00000050       0x10 Drivers/Src/SPI_SAM.o
 .debug_ranges  0x00000060       0x18 main.o
 .debug_ranges  0x00000078       0x10 Src/ADC_init_SAM.o
 .debug_ranges  0x00000088       0x10 Src/DAC_init_SAM.o
 .debug_ranges  0x00000098       0x50 Src/pio_init.o
 .debug_ranges  0x000000e8       0x20 Src/PWM_init_SAM.o
 .debug_ranges  0x00000108       0x10 Src/SPI_init_SAM.o
 .debug_ranges  0x00000118       0x10 Src/USART_init_SAM.o

.debug_macro    0x00000000    0x121f7
 .debug_macro   0x00000000      0x371 Device_Startup/startup_sam3xa.o
 .debug_macro   0x00000371      0x8bc Device_Startup/startup_sam3xa.o
 .debug_macro   0x00000c2d       0x22 Device_Startup/startup_sam3xa.o
 .debug_macro   0x00000c4f       0x87 Device_Startup/startup_sam3xa.o
 .debug_macro   0x00000cd6       0x51 Device_Startup/startup_sam3xa.o
 .debug_macro   0x00000d27       0xef Device_Startup/startup_sam3xa.o
 .debug_macro   0x00000e16       0x6a Device_Startup/startup_sam3xa.o
 .debug_macro   0x00000e80      0x1df Device_Startup/startup_sam3xa.o
 .debug_macro   0x0000105f       0x20 Device_Startup/startup_sam3xa.o
 .debug_macro   0x0000107f       0x1c Device_Startup/startup_sam3xa.o
 .debug_macro   0x0000109b       0x22 Device_Startup/startup_sam3xa.o
 .debug_macro   0x000010bd       0xc3 Device_Startup/startup_sam3xa.o
 .debug_macro   0x00001180      0xe49 Device_Startup/startup_sam3xa.o
 .debug_macro   0x00001fc9      0x11f Device_Startup/startup_sam3xa.o
 .debug_macro   0x000020e8      0xa7d Device_Startup/startup_sam3xa.o
 .debug_macro   0x00002b65      0x55a Device_Startup/startup_sam3xa.o
 .debug_macro   0x000030bf      0x1a8 Device_Startup/startup_sam3xa.o
 .debug_macro   0x00003267      0x30b Device_Startup/startup_sam3xa.o
 .debug_macro   0x00003572      0x709 Device_Startup/startup_sam3xa.o
 .debug_macro   0x00003c7b       0xd6 Device_Startup/startup_sam3xa.o
 .debug_macro   0x00003d51      0x56c Device_Startup/startup_sam3xa.o
 .debug_macro   0x000042bd       0x1c Device_Startup/startup_sam3xa.o
 .debug_macro   0x000042d9      0x678 Device_Startup/startup_sam3xa.o
 .debug_macro   0x00004951      0x51e Device_Startup/startup_sam3xa.o
 .debug_macro   0x00004e6f       0xbe Device_Startup/startup_sam3xa.o
 .debug_macro   0x00004f2d     0x2333 Device_Startup/startup_sam3xa.o
 .debug_macro   0x00007260      0x7d1 Device_Startup/startup_sam3xa.o
 .debug_macro   0x00007a31      0xdbb Device_Startup/startup_sam3xa.o
 .debug_macro   0x000087ec       0x9a Device_Startup/startup_sam3xa.o
 .debug_macro   0x00008886      0x29c Device_Startup/startup_sam3xa.o
 .debug_macro   0x00008b22       0x58 Device_Startup/startup_sam3xa.o
 .debug_macro   0x00008b7a      0x999 Device_Startup/startup_sam3xa.o
 .debug_macro   0x00009513      0x22d Device_Startup/startup_sam3xa.o
 .debug_macro   0x00009740      0x4b4 Device_Startup/startup_sam3xa.o
 .debug_macro   0x00009bf4      0x64a Device_Startup/startup_sam3xa.o
 .debug_macro   0x0000a23e      0x590 Device_Startup/startup_sam3xa.o
 .debug_macro   0x0000a7ce       0x46 Device_Startup/startup_sam3xa.o
 .debug_macro   0x0000a814      0x33f Device_Startup/startup_sam3xa.o
 .debug_macro   0x0000ab53      0x27e Device_Startup/startup_sam3xa.o
 .debug_macro   0x0000add1     0x14dc Device_Startup/startup_sam3xa.o
 .debug_macro   0x0000c2ad      0x7cf Device_Startup/startup_sam3xa.o
 .debug_macro   0x0000ca7c       0x76 Device_Startup/startup_sam3xa.o
 .debug_macro   0x0000caf2       0x82 Device_Startup/startup_sam3xa.o
 .debug_macro   0x0000cb74       0x76 Device_Startup/startup_sam3xa.o
 .debug_macro   0x0000cbea       0x4c Device_Startup/startup_sam3xa.o
 .debug_macro   0x0000cc36      0x100 Device_Startup/startup_sam3xa.o
 .debug_macro   0x0000cd36      0x100 Device_Startup/startup_sam3xa.o
 .debug_macro   0x0000ce36      0x100 Device_Startup/startup_sam3xa.o
 .debug_macro   0x0000cf36       0x88 Device_Startup/startup_sam3xa.o
 .debug_macro   0x0000cfbe       0x88 Device_Startup/startup_sam3xa.o
 .debug_macro   0x0000d046      0x3b4 Device_Startup/startup_sam3xa.o
 .debug_macro   0x0000d3fa       0xbe Device_Startup/startup_sam3xa.o
 .debug_macro   0x0000d4b8       0xbe Device_Startup/startup_sam3xa.o
 .debug_macro   0x0000d576       0xbe Device_Startup/startup_sam3xa.o
 .debug_macro   0x0000d634       0xbe Device_Startup/startup_sam3xa.o
 .debug_macro   0x0000d6f2      0x2b8 Device_Startup/startup_sam3xa.o
 .debug_macro   0x0000d9aa      0x118 Device_Startup/startup_sam3xa.o
 .debug_macro   0x0000dac2      0x216 Device_Startup/startup_sam3xa.o
 .debug_macro   0x0000dcd8      0x216 Device_Startup/startup_sam3xa.o
 .debug_macro   0x0000deee       0x2e Device_Startup/startup_sam3xa.o
 .debug_macro   0x0000df1c       0xac Device_Startup/startup_sam3xa.o
 .debug_macro   0x0000dfc8      0x13e Device_Startup/startup_sam3xa.o
 .debug_macro   0x0000e106       0x7c Device_Startup/startup_sam3xa.o
 .debug_macro   0x0000e182      0x1f6 Device_Startup/startup_sam3xa.o
 .debug_macro   0x0000e378       0x64 Device_Startup/startup_sam3xa.o
 .debug_macro   0x0000e3dc       0xa6 Device_Startup/startup_sam3xa.o
 .debug_macro   0x0000e482       0x7c Device_Startup/startup_sam3xa.o
 .debug_macro   0x0000e4fe       0x16 Device_Startup/startup_sam3xa.o
 .debug_macro   0x0000e514       0x22 Device_Startup/startup_sam3xa.o
 .debug_macro   0x0000e536       0x22 Device_Startup/startup_sam3xa.o
 .debug_macro   0x0000e558      0x10c Device_Startup/startup_sam3xa.o
 .debug_macro   0x0000e664      0x10c Device_Startup/startup_sam3xa.o
 .debug_macro   0x0000e770      0x10c Device_Startup/startup_sam3xa.o
 .debug_macro   0x0000e87c      0x10c Device_Startup/startup_sam3xa.o
 .debug_macro   0x0000e988       0x1c Device_Startup/startup_sam3xa.o
 .debug_macro   0x0000e9a4       0x2e Device_Startup/startup_sam3xa.o
 .debug_macro   0x0000e9d2       0x22 Device_Startup/startup_sam3xa.o
 .debug_macro   0x0000e9f4       0x1c Device_Startup/startup_sam3xa.o
 .debug_macro   0x0000ea10       0x58 Device_Startup/startup_sam3xa.o
 .debug_macro   0x0000ea68       0x10 Device_Startup/startup_sam3xa.o
 .debug_macro   0x0000ea78      0x27a Device_Startup/startup_sam3xa.o
 .debug_macro   0x0000ecf2      0xd34 Device_Startup/startup_sam3xa.o
 .debug_macro   0x0000fa26      0x170 Device_Startup/startup_sam3xa.o
 .debug_macro   0x0000fb96      0x383 Device_Startup/system_sam3xa.o
 .debug_macro   0x0000ff19      0x3b8 Drivers/Src/PWM_SAM.o
 .debug_macro   0x000102d1       0x34 Drivers/Src/PWM_SAM.o
 .debug_macro   0x00010305      0x3c6 Drivers/Src/SPI_SAM.o
 .debug_macro   0x000106cb      0x44b main.o
 .debug_macro   0x00010b16       0x34 main.o
 .debug_macro   0x00010b4a      0x3b3 Src/ADC_init_SAM.o
 .debug_macro   0x00010efd      0x3b3 Src/DAC_init_SAM.o
 .debug_macro   0x000112b0      0x3b8 Src/pio_init.o
 .debug_macro   0x00011668      0x3bc Src/PWM_init_SAM.o
 .debug_macro   0x00011a24       0x3a Src/PWM_init_SAM.o
 .debug_macro   0x00011a5e      0x3b3 Src/SPI_init_SAM.o
 .debug_macro   0x00011e11      0x3b8 Src/USART_init_SAM.o
 .debug_macro   0x000121c9       0x2e Src/USART_init_SAM.o

.debug_line     0x00000000     0x44f0
 .debug_line    0x00000000      0x6f2 Device_Startup/startup_sam3xa.o
 .debug_line    0x000006f2      0x648 Device_Startup/system_sam3xa.o
 .debug_line    0x00000d3a      0x604 Drivers/Src/PWM_SAM.o
 .debug_line    0x0000133e      0x5fd Drivers/Src/SPI_SAM.o
 .debug_line    0x0000193b      0x6e2 main.o
 .debug_line    0x0000201d      0x5ef Src/ADC_init_SAM.o
 .debug_line    0x0000260c      0x5ff Src/DAC_init_SAM.o
 .debug_line    0x00002c0b      0x6b4 Src/pio_init.o
 .debug_line    0x000032bf      0x63a Src/PWM_init_SAM.o
 .debug_line    0x000038f9      0x5f5 Src/SPI_init_SAM.o
 .debug_line    0x00003eee      0x602 Src/USART_init_SAM.o

.debug_str      0x00000000    0x51726
 .debug_str     0x00000000    0x502f8 Device_Startup/startup_sam3xa.o
                              0x504b5 (size before relaxing)
 .debug_str     0x000502f8      0x2c8 Device_Startup/system_sam3xa.o
                              0x50249 (size before relaxing)
 .debug_str     0x000505c0      0x4ad Drivers/Src/PWM_SAM.o
                              0x504b0 (size before relaxing)
 .debug_str     0x00050a6d      0x355 Drivers/Src/SPI_SAM.o
                              0x50673 (size before relaxing)
 .debug_str     0x00050dc2      0x249 main.o
                              0x50879 (size before relaxing)
 .debug_str     0x0005100b       0xfb Src/ADC_init_SAM.o
                              0x50551 (size before relaxing)
 .debug_str     0x00051106       0xcd Src/DAC_init_SAM.o
                              0x50528 (size before relaxing)
 .debug_str     0x000511d3      0x227 Src/pio_init.o
                              0x50950 (size before relaxing)
 .debug_str     0x000513fa      0x216 Src/PWM_init_SAM.o
                              0x507de (size before relaxing)
 .debug_str     0x00051610       0x16 Src/SPI_init_SAM.o
                              0x504c3 (size before relaxing)
 .debug_str     0x00051626      0x100 Src/USART_init_SAM.o
                              0x5053f (size before relaxing)

.debug_frame    0x00000000      0x4c8
 .debug_frame   0x00000000       0x38 Device_Startup/startup_sam3xa.o
 .debug_frame   0x00000038       0x40 Device_Startup/system_sam3xa.o
 .debug_frame   0x00000078       0x40 Drivers/Src/PWM_SAM.o
 .debug_frame   0x000000b8       0x28 Drivers/Src/SPI_SAM.o
 .debug_frame   0x000000e0       0x40 main.o
 .debug_frame   0x00000120       0x20 Src/ADC_init_SAM.o
 .debug_frame   0x00000140       0x28 Src/DAC_init_SAM.o
 .debug_frame   0x00000168      0x104 Src/pio_init.o
 .debug_frame   0x0000026c       0x54 Src/PWM_init_SAM.o
 .debug_frame   0x000002c0       0x20 Src/SPI_init_SAM.o
 .debug_frame   0x000002e0       0x28 Src/USART_init_SAM.o
 .debug_frame   0x00000308       0x2c c:/program files (x86)/atmel/studio/7.0/toolchain/arm/arm-gnu-toolchain/bin/../lib/gcc/arm-none-eabi/6.3.1/../../../../arm-none-eabi/lib/thumb/v7-m\libc.a(lib_a-init.o)
 .debug_frame   0x00000334       0x5c c:/program files (x86)/atmel/studio/7.0/toolchain/arm/arm-gnu-toolchain/bin/../lib/gcc/arm-none-eabi/6.3.1/../../../../arm-none-eabi/lib/thumb/v7-m\libc.a(lib_a-__call_atexit.o)
 .debug_frame   0x00000390       0x20 c:/program files (x86)/atmel/studio/7.0/toolchain/arm/arm-gnu-toolchain/bin/../lib/gcc/arm-none-eabi/6.3.1/../../../../arm-none-eabi/lib/thumb/v7-m\libc.a(lib_a-atexit.o)
 .debug_frame   0x000003b0       0x34 c:/program files (x86)/atmel/studio/7.0/toolchain/arm/arm-gnu-toolchain/bin/../lib/gcc/arm-none-eabi/6.3.1/../../../../arm-none-eabi/lib/thumb/v7-m\libc.a(lib_a-fini.o)
 .debug_frame   0x000003e4       0xb0 c:/program files (x86)/atmel/studio/7.0/toolchain/arm/arm-gnu-toolchain/bin/../lib/gcc/arm-none-eabi/6.3.1/../../../../arm-none-eabi/lib/thumb/v7-m\libc.a(lib_a-lock.o)
 .debug_frame   0x00000494       0x34 c:/program files (x86)/atmel/studio/7.0/toolchain/arm/arm-gnu-toolchain/bin/../lib/gcc/arm-none-eabi/6.3.1/../../../../arm-none-eabi/lib/thumb/v7-m\libc.a(lib_a-__atexit.o)
